Archive member included to satisfy reference by file (symbol)

d:/workers/env-windows/tools/gnu_gcc/arm_gcc/mingw/bin/../lib/gcc/arm-none-eabi/10.3.1/../../../../arm-none-eabi/lib/thumb/v7e-m+fp/hard\libc.a(lib_a-atoi.o)
                              ./build/bsp/rt-thread/components/drivers/misc/pin.o (atoi)
d:/workers/env-windows/tools/gnu_gcc/arm_gcc/mingw/bin/../lib/gcc/arm-none-eabi/10.3.1/../../../../arm-none-eabi/lib/thumb/v7e-m+fp/hard\libc.a(lib_a-ctype_.o)
                              ./build/bsp/rt-thread/components/drivers/misc/pin.o (_ctype_)
d:/workers/env-windows/tools/gnu_gcc/arm_gcc/mingw/bin/../lib/gcc/arm-none-eabi/10.3.1/../../../../arm-none-eabi/lib/thumb/v7e-m+fp/hard\libc.a(lib_a-exit.o)
                              d:/workers/env-windows/tools/gnu_gcc/arm_gcc/mingw/bin/../lib/gcc/arm-none-eabi/10.3.1/../../../../arm-none-eabi/lib/thumb/v7e-m+fp/hard/crt0.o (exit)
d:/workers/env-windows/tools/gnu_gcc/arm_gcc/mingw/bin/../lib/gcc/arm-none-eabi/10.3.1/../../../../arm-none-eabi/lib/thumb/v7e-m+fp/hard\libc.a(lib_a-fini.o)
                              ./build/bsp/libs/TARGET_RTT-062S2/COMPONENT_CM4/TOOLCHAIN_GCC_ARM/startup_psoc6_02_cm4.o (__libc_fini_array)
d:/workers/env-windows/tools/gnu_gcc/arm_gcc/mingw/bin/../lib/gcc/arm-none-eabi/10.3.1/../../../../arm-none-eabi/lib/thumb/v7e-m+fp/hard\libc.a(lib_a-impure.o)
                              d:/workers/env-windows/tools/gnu_gcc/arm_gcc/mingw/bin/../lib/gcc/arm-none-eabi/10.3.1/../../../../arm-none-eabi/lib/thumb/v7e-m+fp/hard\libc.a(lib_a-exit.o) (_global_impure_ptr)
d:/workers/env-windows/tools/gnu_gcc/arm_gcc/mingw/bin/../lib/gcc/arm-none-eabi/10.3.1/../../../../arm-none-eabi/lib/thumb/v7e-m+fp/hard\libc.a(lib_a-malloc.o)
                              ./build/bsp/rt-thread/components/libc/compilers/common/cstring.o (malloc)
d:/workers/env-windows/tools/gnu_gcc/arm_gcc/mingw/bin/../lib/gcc/arm-none-eabi/10.3.1/../../../../arm-none-eabi/lib/thumb/v7e-m+fp/hard\libc.a(lib_a-memcmp.o)
                              ./build/bsp/rt-thread/components/finsh/shell.o (memcmp)
d:/workers/env-windows/tools/gnu_gcc/arm_gcc/mingw/bin/../lib/gcc/arm-none-eabi/10.3.1/../../../../arm-none-eabi/lib/thumb/v7e-m+fp/hard\libc.a(lib_a-memcpy.o)
                              ./build/bsp/libraries/IFX_PSOC6_HAL/mtb-hal-cat1/source/cyhal_clock.o (memcpy)
d:/workers/env-windows/tools/gnu_gcc/arm_gcc/mingw/bin/../lib/gcc/arm-none-eabi/10.3.1/../../../../arm-none-eabi/lib/thumb/v7e-m+fp/hard\libc.a(lib_a-memset.o)
                              d:/workers/env-windows/tools/gnu_gcc/arm_gcc/mingw/bin/../lib/gcc/arm-none-eabi/10.3.1/../../../../arm-none-eabi/lib/thumb/v7e-m+fp/hard/crt0.o (memset)
d:/workers/env-windows/tools/gnu_gcc/arm_gcc/mingw/bin/../lib/gcc/arm-none-eabi/10.3.1/../../../../arm-none-eabi/lib/thumb/v7e-m+fp/hard\libc.a(lib_a-strchr.o)
                              ./build/bsp/rt-thread/components/libc/compilers/common/cstring.o (strchr)
d:/workers/env-windows/tools/gnu_gcc/arm_gcc/mingw/bin/../lib/gcc/arm-none-eabi/10.3.1/../../../../arm-none-eabi/lib/thumb/v7e-m+fp/hard\libc.a(lib_a-strcmp.o)
                              ./build/bsp/rt-thread/components/drivers/misc/pin.o (strcmp)
d:/workers/env-windows/tools/gnu_gcc/arm_gcc/mingw/bin/../lib/gcc/arm-none-eabi/10.3.1/../../../../arm-none-eabi/lib/thumb/v7e-m+fp/hard\libc.a(lib_a-strcpy.o)
                              ./build/bsp/rt-thread/components/finsh/shell.o (strcpy)
d:/workers/env-windows/tools/gnu_gcc/arm_gcc/mingw/bin/../lib/gcc/arm-none-eabi/10.3.1/../../../../arm-none-eabi/lib/thumb/v7e-m+fp/hard\libc.a(lib_a-strlen.o)
                              ./build/bsp/rt-thread/components/drivers/misc/pin.o (strlen)
d:/workers/env-windows/tools/gnu_gcc/arm_gcc/mingw/bin/../lib/gcc/arm-none-eabi/10.3.1/../../../../arm-none-eabi/lib/thumb/v7e-m+fp/hard\libc.a(lib_a-strncat.o)
                              ./build/bsp/rt-thread/components/drivers/misc/pin.o (strncat)
d:/workers/env-windows/tools/gnu_gcc/arm_gcc/mingw/bin/../lib/gcc/arm-none-eabi/10.3.1/../../../../arm-none-eabi/lib/thumb/v7e-m+fp/hard\libc.a(lib_a-strncmp.o)
                              ./build/bsp/rt-thread/components/finsh/msh.o (strncmp)
d:/workers/env-windows/tools/gnu_gcc/arm_gcc/mingw/bin/../lib/gcc/arm-none-eabi/10.3.1/../../../../arm-none-eabi/lib/thumb/v7e-m+fp/hard\libc.a(lib_a-strncpy.o)
                              ./build/bsp/libraries/IFX_PSOC6_HAL/mtb-pdl-cat1/drivers/source/cy_syslib.o (strncpy)
d:/workers/env-windows/tools/gnu_gcc/arm_gcc/mingw/bin/../lib/gcc/arm-none-eabi/10.3.1/../../../../arm-none-eabi/lib/thumb/v7e-m+fp/hard\libc.a(lib_a-strrchr.o)
                              ./build/bsp/rt-thread/components/libc/compilers/common/cstring.o (strrchr)
d:/workers/env-windows/tools/gnu_gcc/arm_gcc/mingw/bin/../lib/gcc/arm-none-eabi/10.3.1/../../../../arm-none-eabi/lib/thumb/v7e-m+fp/hard\libc.a(lib_a-strtol.o)
[...]
Memory Configuration

Name             Origin             Length             Attributes
ram              0x08002000         0x000fd800         xrw
flash            0x10000000         0x00200000         xr
em_eeprom        0x14000000         0x00008000         xr
sflash_user_data 0x16000800         0x00000800         xr
sflash_nar       0x16001a00         0x00000200         xr
sflash_public_key 0x16005a00         0x00000c00         xr
sflash_toc_2     0x16007c00         0x00000200         xr
sflash_rtoc_2    0x16007e00         0x00000200         xr
xip              0x18000000         0x08000000         xr
efuse            0x90700000         0x00100000         r
*default*        0x00000000         0xffffffff

Linker script and memory map

LOAD d:/workers/env-windows/tools/gnu_gcc/arm_gcc/mingw/bin/../lib/gcc/arm-none-eabi/10.3.1/thumb/v7e-m+fp/hard/crti.o
LOAD d:/workers/env-windows/tools/gnu_gcc/arm_gcc/mingw/bin/../lib/gcc/arm-none-eabi/10.3.1/thumb/v7e-m+fp/hard/crtbegin.o
LOAD d:/workers/env-windows/tools/gnu_gcc/arm_gcc/mingw/bin/../lib/gcc/arm-none-eabi/10.3.1/../../../../arm-none-eabi/lib/thumb/v7e-m+fp/hard/crt0.o
LOAD ./build/bsp/board/board.o
LOAD ./build/bsp/libraries/HAL_Drivers/drv_common.o
LOAD ./build/bsp/libraries/HAL_Drivers/drv_gpio.o
LOAD ./build/bsp/libraries/HAL_Drivers/drv_uart.o
LOAD ./build/bsp/libraries/IFX_PSOC6_HAL/mtb-hal-cat1/COMPONENT_CAT1A/source/pin_packages/cyhal_psoc6_02_68_qfn.o
LOAD ./build/bsp/libraries/IFX_PSOC6_HAL/mtb-hal-cat1/COMPONENT_CAT1A/source/triggers/cyhal_triggers_psoc6_02.o
LOAD ./build/bsp/libraries/IFX_PSOC6_HAL/mtb-hal-cat1/source/cyhal_clock.o
LOAD ./build/bsp/libraries/IFX_PSOC6_HAL/mtb-hal-cat1/source/cyhal_gpio.o
LOAD ./build/bsp/libraries/IFX_PSOC6_HAL/mtb-hal-cat1/source/cyhal_hwmgr.o
LOAD ./build/bsp/libraries/IFX_PSOC6_HAL/mtb-hal-cat1/source/cyhal_interconnect.o
LOAD ./build/bsp/libraries/IFX_PSOC6_HAL/mtb-hal-cat1/source/cyhal_irq_impl.o
LOAD ./build/bsp/libraries/IFX_PSOC6_HAL/mtb-hal-cat1/source/cyhal_lptimer.o
LOAD ./build/bsp/libraries/IFX_PSOC6_HAL/mtb-hal-cat1/source/cyhal_scb_common.o
LOAD ./build/bsp/libraries/IFX_PSOC6_HAL/mtb-hal-cat1/source/cyhal_syspm.o
LOAD ./build/bsp/libraries/IFX_PSOC6_HAL/mtb-hal-cat1/source/cyhal_system.o
LOAD ./build/bsp/libraries/IFX_PSOC6_HAL/mtb-hal-cat1/source/cyhal_uart.o
LOAD ./build/bsp/libraries/IFX_PSOC6_HAL/mtb-hal-cat1/source/cyhal_utils.o
LOAD ./build/bsp/libraries/IFX_PSOC6_HAL/mtb-hal-cat1/source/cyhal_utils_impl.o
LOAD ./build/bsp/libraries/IFX_PSOC6_HAL/mtb-pdl-cat1/devices/COMPONENT_CAT1A/source/cy_device.o
LOAD ./build/bsp/libraries/IFX_PSOC6_HAL/mtb-pdl-cat1/drivers/source/cy_gpio.o
LOAD ./build/bsp/libraries/IFX_PSOC6_HAL/mtb-pdl-cat1/drivers/source/cy_ipc_drv.o
LOAD ./build/bsp/libraries/IFX_PSOC6_HAL/mtb-pdl-cat1/drivers/source/cy_ipc_pipe.o
LOAD ./build/bsp/libraries/IFX_PSOC6_HAL/mtb-pdl-cat1/drivers/source/cy_ipc_sema.o
LOAD ./build/bsp/libraries/IFX_PSOC6_HAL/mtb-pdl-cat1/drivers/source/cy_mcwdt.o
LOAD ./build/bsp/libraries/IFX_PSOC6_HAL/mtb-pdl-cat1/drivers/source/cy_prot.o
LOAD ./build/bsp/libraries/IFX_PSOC6_HAL/mtb-pdl-cat1/drivers/source/cy_scb_common.o
LOAD ./build/bsp/libraries/IFX_PSOC6_HAL/mtb-pdl-cat1/drivers/source/cy_scb_i2c.o
LOAD ./build/bsp/libraries/IFX_PSOC6_HAL/mtb-pdl-cat1/drivers/source/cy_scb_uart.o
LOAD ./build/bsp/libraries/IFX_PSOC6_HAL/mtb-pdl-cat1/drivers/source/cy_sysclk.o
LOAD ./build/bsp/libraries/IFX_PSOC6_HAL/mtb-pdl-cat1/drivers/source/cy_sysint.o
LOAD ./build/bsp/libraries/IFX_PSOC6_HAL/mtb-pdl-cat1/drivers/source/cy_syslib.o
LOAD ./build/bsp/libraries/IFX_PSOC6_HAL/mtb-pdl-cat1/drivers/source/cy_syspm.o
LOAD ./build/bsp/libraries/IFX_PSOC6_HAL/mtb-pdl-cat1/drivers/source/cy_systick.o
LOAD ./build/bsp/libraries/IFX_PSOC6_HAL/mtb-pdl-cat1/drivers/source/cy_trigmux.o
LOAD ./build/bsp/libraries/IFX_PSOC6_HAL/psoc6cm0p/COMPONENT_CM0P_SLEEP/psoc6_01_cm0p_sleep.o
LOAD ./build/bsp/libraries/IFX_PSOC6_HAL/psoc6cm0p/COMPONENT_CM0P_SLEEP/psoc6_02_cm0p_sleep.o
LOAD ./build/bsp/libraries/IFX_PSOC6_HAL/psoc6cm0p/COMPONENT_CM0P_SLEEP/psoc6_03_cm0p_sleep.o
LOAD ./build/bsp/libraries/IFX_PSOC6_HAL/psoc6cm0p/COMPONENT_CM0P_SLEEP/psoc6_04_cm0p_sleep.o
LOAD ./build/bsp/libraries/IFX_PSOC6_HAL/retarget-io/cy_retarget_io.o
LOAD ./build/bsp/libs/TARGET_RTT-062S2/COMPONENT_CM4/system_psoc6_cm4.o
LOAD ./build/bsp/libs/TARGET_RTT-062S2/config/GeneratedSource/cycfg.o
LOAD ./build/bsp/libs/TARGET_RTT-062S2/config/GeneratedSource/cycfg_capsense.o
LOAD ./build/bsp/libs/TARGET_RTT-062S2/config/GeneratedSource/cycfg_clocks.o
LOAD ./build/bsp/libs/TARGET_RTT-062S2/config/GeneratedSource/cycfg_peripherals.o
LOAD ./build/bsp/libs/TARGET_RTT-062S2/config/GeneratedSource/cycfg_pins.o
LOAD ./build/bsp/libs/TARGET_RTT-062S2/config/GeneratedSource/cycfg_qspi_memslot.o
LOAD ./build/bsp/libs/TARGET_RTT-062S2/config/GeneratedSource/cycfg_routing.o
LOAD ./build/bsp/libs/TARGET_RTT-062S2/config/GeneratedSource/cycfg_system.o
LOAD ./build/bsp/libs/TARGET_RTT-062S2/cybsp.o
LOAD ./build/bsp/rt-thread/components/drivers/ipc/completion.o
LOAD ./build/bsp/rt-thread/components/drivers/ipc/dataqueue.o
LOAD ./build/bsp/rt-thread/components/drivers/ipc/pipe.o
LOAD ./build/bsp/rt-thread/components/drivers/ipc/ringblk_buf.o
LOAD ./build/bsp/rt-thread/components/drivers/ipc/ringbuffer.o
LOAD ./build/bsp/rt-thread/components/drivers/ipc/waitqueue.o
LOAD ./build/bsp/rt-thread/components/drivers/ipc/workqueue.o
LOAD ./build/bsp/rt-thread/components/drivers/misc/pin.o
LOAD ./build/bsp/rt-thread/components/drivers/serial/serial.o
LOAD ./build/bsp/rt-thread/components/finsh/cmd.o
LOAD ./build/bsp/rt-thread/components/finsh/msh.o
LOAD ./build/bsp/rt-thread/components/finsh/msh_parse.o
LOAD ./build/bsp/rt-thread/components/finsh/shell.o
LOAD ./build/bsp/rt-thread/components/libc/compilers/common/cctype.o
LOAD ./build/bsp/rt-thread/components/libc/compilers/common/cstdio.o
LOAD ./build/bsp/rt-thread/components/libc/compilers/common/cstdlib.o
LOAD ./build/bsp/rt-thread/components/libc/compilers/common/cstring.o
LOAD ./build/bsp/rt-thread/components/libc/compilers/common/ctime.o
LOAD ./build/bsp/rt-thread/components/libc/compilers/common/cwchar.o
LOAD ./build/bsp/rt-thread/components/libc/compilers/newlib/syscalls.o
LOAD ./build/bsp/rt-thread/components/libc/cplusplus/cxx_crt_init.o
LOAD ./build/bsp/rt-thread/libcpu/arm/common/atomic_arm.o
LOAD ./build/bsp/rt-thread/libcpu/arm/common/div0.o
LOAD ./build/bsp/rt-thread/libcpu/arm/common/showmem.o
LOAD ./build/bsp/rt-thread/libcpu/arm/cortex-m4/cpuport.o
LOAD ./build/bsp/rt-thread/src/clock.o
LOAD ./build/bsp/rt-thread/src/components.o
LOAD ./build/bsp/rt-thread/src/device.o
LOAD ./build/bsp/rt-thread/src/idle.o
LOAD ./build/bsp/rt-thread/src/ipc.o
LOAD ./build/bsp/rt-thread/src/irq.o
LOAD ./build/bsp/rt-thread/src/kservice.o
LOAD ./build/bsp/rt-thread/src/mem.o
LOAD ./build/bsp/rt-thread/src/mempool.o
LOAD ./build/bsp/rt-thread/src/object.o
LOAD ./build/bsp/rt-thread/src/scheduler_up.o
LOAD ./build/bsp/rt-thread/src/thread.o
LOAD ./build/bsp/rt-thread/src/timer.o
LOAD ./build/bsp/applications/lcd/lcd.o
LOAD ./build/bsp/applications/main.o
LOAD ./build/bsp/applications/sys/Arduino.o
LOAD ./build/bsp/rt-thread/components/libc/cplusplus/cxx_crt.o
LOAD ./build/bsp/libraries/IFX_PSOC6_HAL/mtb-pdl-cat1/drivers/source/TOOLCHAIN_GCC_ARM/cy_syslib_ext.o
LOAD ./build/bsp/libs/TARGET_RTT-062S2/COMPONENT_CM4/TOOLCHAIN_GCC_ARM/startup_psoc6_02_cm4.o
LOAD ./build/bsp/rt-thread/libcpu/arm/cortex-m4/context_gcc.o
LOAD d:/workers/env-windows/tools/gnu_gcc/arm_gcc/mingw/bin/../lib/gcc/arm-none-eabi/10.3.1/../../../../arm-none-eabi/lib/thumb/v7e-m+fp/hard\libstdc++.a
LOAD d:/workers/env-windows/tools/gnu_gcc/arm_gcc/mingw/bin/../lib/gcc/arm-none-eabi/10.3.1/../../../../arm-none-eabi/lib/thumb/v7e-m+fp/hard\libm.a
LOAD d:/workers/env-windows/tools/gnu_gcc/arm_gcc/mingw/bin/../lib/gcc/arm-none-eabi/10.3.1/../../../../arm-none-eabi/lib/thumb/v7e-m+fp/hard\libc.a
START GROUP
LOAD d:/workers/env-windows/tools/gnu_gcc/arm_gcc/mingw/bin/../lib/gcc/arm-none-eabi/10.3.1/thumb/v7e-m+fp/hard\libgcc.a
LOAD d:/workers/env-windows/tools/gnu_gcc/arm_gcc/mingw/bin/../lib/gcc/arm-none-eabi/10.3.1/../../../../arm-none-eabi/lib/thumb/v7e-m+fp/hard\libc.a
END GROUP
LOAD d:/workers/env-windows/tools/gnu_gcc/arm_gcc/mingw/bin/../lib/gcc/arm-none-eabi/10.3.1/thumb/v7e-m+fp/hard/crtend.o
LOAD d:/workers/env-windows/tools/gnu_gcc/arm_gcc/mingw/bin/../lib/gcc/arm-none-eabi/10.3.1/thumb/v7e-m+fp/hard/crtn.o
START GROUP
LOAD d:/workers/env-windows/tools/gnu_gcc/arm_gcc/mingw/bin/../lib/gcc/arm-none-eabi/10.3.1/thumb/v7e-m+fp/hard\libgcc.a
LOAD d:/workers/env-windows/tools/gnu_gcc/arm_gcc/mingw/bin/../lib/gcc/arm-none-eabi/10.3.1/../../../../arm-none-eabi/lib/thumb/v7e-m+fp/hard\libc.a
LOAD d:/workers/env-windows/tools/gnu_gcc/arm_gcc/mingw/bin/../lib/gcc/arm-none-eabi/10.3.1/../../../../arm-none-eabi/lib/thumb/v7e-m+fp/hard\libnosys.a
END GROUP
                0x00001000                STACK_SIZE = 0x1000
                0x00002000                FLASH_CM0P_SIZE = 0x2000
START GROUP
LOAD d:/workers/env-windows/tools/gnu_gcc/arm_gcc/mingw/bin/../lib/gcc/arm-none-eabi/10.3.1/thumb/v7e-m+fp/hard\libgcc.a
LOAD d:/workers/env-windows/tools/gnu_gcc/arm_gcc/mingw/bin/../lib/gcc/arm-none-eabi/10.3.1/../../../../arm-none-eabi/lib/thumb/v7e-m+fp/hard\libc.a
LOAD d:/workers/env-windows/tools/gnu_gcc/arm_gcc/mingw/bin/../lib/gcc/arm-none-eabi/10.3.1/../../../../arm-none-eabi/lib/thumb/v7e-m+fp/hard\libm.a
LOAD d:/workers/env-windows/tools/gnu_gcc/arm_gcc/mingw/bin/../lib/gcc/arm-none-eabi/10.3.1/../../../../arm-none-eabi/lib/thumb/v7e-m+fp/hard\libnosys.a
END GROUP

.cy_m0p_image   0x10000000     0x1848
                0x10000000                . = ALIGN (0x4)
                0x10000000                __cy_m0p_code_start = .
 *(.cy_m0p_image)
 .cy_m0p_image  0x10000000     0x1848 ./build/bsp/libraries/IFX_PSOC6_HAL/psoc6cm0p/COMPONENT_CM0P_SLEEP/psoc6_02_cm0p_sleep.o
                0x10000000                cy_m0p_image
                0x10001848                __cy_m0p_code_end = .
                0x00000001                ASSERT ((__cy_m0p_code_end <= (ORIGIN (flash) + FLASH_CM0P_SIZE)), CM0+ flash image overflows with CM4, increase FLASH_CM0P_SIZE)

.text           0x10002000    0x1a9b0
                0x10002000                . = ALIGN (0x4)
                0x10002000                __Vectors = .
 *(.vectors)
 .vectors       0x10002000      0x2e0 ./build/bsp/libs/TARGET_RTT-062S2/COMPONENT_CM4/TOOLCHAIN_GCC_ARM/startup_psoc6_02_cm4.o
                0x100022e0                . = ALIGN (0x4)
                0x100022e0                __Vectors_End = .
                0x100022e0                __Vectors_Size = (__Vectors_End - __Vectors)
                0x080037b0                __end__ = .
                0x100022e0                . = ALIGN (0x4)
 *(.text*)
 .text          0x100022e0       0x40 d:/workers/env-windows/tools/gnu_gcc/arm_gcc/mingw/bin/../lib/gcc/arm-none-eabi/10.3.1/thumb/v7e-m+fp/hard/crtbegin.o
 .text.CY_HALT  0x10002320       0x10 ./build/bsp/board/board.o
 .text.cy_bsp_all_init
                0x10002330       0x1e ./build/bsp/board/board.o
                0x10002330                cy_bsp_all_init
 .text.reboot   0x1000234e       0x18 ./build/bsp/libraries/HAL_Drivers/drv_common.o
 .text.SysTick_Handler_CB
                0x10002366       0x14 ./build/bsp/libraries/HAL_Drivers/drv_common.o
                0x10002366                SysTick_Handler_CB
 *fill*         0x1000237a        0x2 
 .text.rt_hw_systick_init
                0x1000237c       0x34 ./build/bsp/libraries/HAL_Drivers/drv_common.o
                0x1000237c                rt_hw_systick_init
 .text.rt_hw_board_init
                0x100023b0       0x38 ./build/bsp/libraries/HAL_Drivers/drv_common.o
                0x100023b0                rt_hw_board_init
 .text.__NVIC_DisableIRQ
                0x100023e8       0x48 ./build/bsp/libraries/HAL_Drivers/drv_gpio.o
 .text.Cy_GPIO_PortToAddr
                0x10002430       0x38 ./build/bsp/libraries/HAL_Drivers/drv_gpio.o
 .text.cyhal_gpio_write_internal
                0x10002468       0x32 ./build/bsp/libraries/HAL_Drivers/drv_gpio.o
 .text.cyhal_gpio_read_internal
                0x1000249a       0x3a ./build/bsp/libraries/HAL_Drivers/drv_gpio.o
 .text._cyhal_irq_disable
                0x100024d4       0x1c ./build/bsp/libraries/HAL_Drivers/drv_gpio.o
 .text.pin_irq_handler
                0x100024f0       0x60 ./build/bsp/libraries/HAL_Drivers/drv_gpio.o
 .text.gpio_exint_handler
                0x10002550       0x1a ./build/bsp/libraries/HAL_Drivers/drv_gpio.o
                0x10002550                gpio_exint_handler
 .text.irq_callback
                0x1000256a       0x26 ./build/bsp/libraries/HAL_Drivers/drv_gpio.o
 .text.ifx_pin_mode
                0x10002590       0x98 ./build/bsp/libraries/HAL_Drivers/drv_gpio.o
 .text.ifx_pin_write
                0x10002628       0x40 ./build/bsp/libraries/HAL_Drivers/drv_gpio.o
 .text.ifx_pin_read
                0x10002668       0x36 ./build/bsp/libraries/HAL_Drivers/drv_gpio.o
 *fill*         0x1000269e        0x2 
 .text.ifx_pin_attach_irq
                0x100026a0       0xf0 ./build/bsp/libraries/HAL_Drivers/drv_gpio.o
 .text.ifx_pin_dettach_irq
                0x10002790       0x98 ./build/bsp/libraries/HAL_Drivers/drv_gpio.o
 .text.ifx_pin_irq_enable
                0x10002828      0x194 ./build/bsp/libraries/HAL_Drivers/drv_gpio.o
 .text.rt_hw_pin_init
                0x100029bc       0x1c ./build/bsp/libraries/HAL_Drivers/drv_gpio.o
                0x100029bc                rt_hw_pin_init
 .text.__NVIC_EnableIRQ
                0x100029d8       0x3c ./build/bsp/libraries/HAL_Drivers/drv_uart.o
 .text.Cy_SCB_UART_Put
                0x10002a14       0x1c ./build/bsp/libraries/HAL_Drivers/drv_uart.o
 .text.uart_isr
                0x10002a30       0x74 ./build/bsp/libraries/HAL_Drivers/drv_uart.o
 .text.uart0_isr_callback
                0x10002aa4       0x1c ./build/bsp/libraries/HAL_Drivers/drv_uart.o
                0x10002aa4                uart0_isr_callback
 .text.uart6_isr_callback
                0x10002ac0       0x1c ./build/bsp/libraries/HAL_Drivers/drv_uart.o
                0x10002ac0                uart6_isr_callback
 .text.ifx_configure
                0x10002adc       0xb4 ./build/bsp/libraries/HAL_Drivers/drv_uart.o
 .text.ifx_control
                0x10002b90       0x84 ./build/bsp/libraries/HAL_Drivers/drv_uart.o
 .text.ifx_uarths_putc
                0x10002c14       0x78 ./build/bsp/libraries/HAL_Drivers/drv_uart.o
 .text.ifx_uarths_getc
                0x10002c8c       0x74 ./build/bsp/libraries/HAL_Drivers/drv_uart.o
 .text.rt_hw_uart_init
                0x10002d00      0x124 ./build/bsp/libraries/HAL_Drivers/drv_uart.o
                0x10002d00                rt_hw_uart_init
 .text.CY_HALT  0x10002e24       0x10 ./build/bsp/libraries/IFX_PSOC6_HAL/mtb-hal-cat1/source/cyhal_clock.o
 .text._cyhal_utils_peri_pclk_set_divider
                0x10002e34       0x2e ./build/bsp/libraries/IFX_PSOC6_HAL/mtb-hal-cat1/source/cyhal_clock.o
 .text._cyhal_utils_peri_pclk_set_frac_divider
                0x10002e62       0x32 ./build/bsp/libraries/IFX_PSOC6_HAL/mtb-hal-cat1/source/cyhal_clock.o
 .text._cyhal_utils_peri_pclk_enable_divider
                0x10002e94       0x2c ./build/bsp/libraries/IFX_PSOC6_HAL/mtb-hal-cat1/source/cyhal_clock.o
 .text._cyhal_utils_peri_pclk_disable_divider
                0x10002ec0       0x2c ./build/bsp/libraries/IFX_PSOC6_HAL/mtb-hal-cat1/source/cyhal_clock.o
 .text._cyhal_clock_update_system_state
                0x10002eec       0x78 ./build/bsp/libraries/IFX_PSOC6_HAL/mtb-hal-cat1/source/cyhal_clock.o
 .text._cyhal_clock_set_frequency_unsupported
                0x10002f64       0x20 ./build/bsp/libraries/IFX_PSOC6_HAL/mtb-hal-cat1/source/cyhal_clock.o
 .text._cyhal_clock_is_enabled_hf
                0x10002f84       0x1c ./build/bsp/libraries/IFX_PSOC6_HAL/mtb-hal-cat1/source/cyhal_clock.o
 .text._cyhal_clock_set_enabled_hf
                0x10002fa0       0x38 ./build/bsp/libraries/IFX_PSOC6_HAL/mtb-hal-cat1/source/cyhal_clock.o
 .text._cyhal_clock_get_frequency_hf
                0x10002fd8       0x1c ./build/bsp/libraries/IFX_PSOC6_HAL/mtb-hal-cat1/source/cyhal_clock.o
 .text._cyhal_clock_set_divider_hf
                0x10002ff4       0xe8 ./build/bsp/libraries/IFX_PSOC6_HAL/mtb-hal-cat1/source/cyhal_clock.o
 .text._cyhal_clock_get_sources_hf
                0x100030dc       0x2c ./build/bsp/libraries/IFX_PSOC6_HAL/mtb-hal-cat1/source/cyhal_clock.o
 .text._cyhal_clock_set_source_hf
                0x10003108       0xc4 ./build/bsp/libraries/IFX_PSOC6_HAL/mtb-hal-cat1/source/cyhal_clock.o
 .text._cyhal_clock_set_enabled_peripheral
                0x100031cc       0x34 ./build/bsp/libraries/IFX_PSOC6_HAL/mtb-hal-cat1/source/cyhal_clock.o
 .text._cyhal_clock_set_divider_peripheral
                0x10003200       0x40 ./build/bsp/libraries/IFX_PSOC6_HAL/mtb-hal-cat1/source/cyhal_clock.o
 .text._cyhal_clock_get_funcs_peripheral
                0x10003240       0x14 ./build/bsp/libraries/IFX_PSOC6_HAL/mtb-hal-cat1/source/cyhal_clock.o
                0x10003240                _cyhal_clock_get_funcs_peripheral
 .text._cyhal_clock_allocate_channel
                0x10003254       0x74 ./build/bsp/libraries/IFX_PSOC6_HAL/mtb-hal-cat1/source/cyhal_clock.o
                0x10003254                _cyhal_clock_allocate_channel
 .text.cyhal_clock_reserve
                0x100032c8       0x5a ./build/bsp/libraries/IFX_PSOC6_HAL/mtb-hal-cat1/source/cyhal_clock.o
                0x100032c8                cyhal_clock_reserve
 .text.cyhal_clock_set_enabled
                0x10003322       0x62 ./build/bsp/libraries/IFX_PSOC6_HAL/mtb-hal-cat1/source/cyhal_clock.o
                0x10003322                cyhal_clock_set_enabled
 .text.cyhal_clock_set_divider
                0x10003384       0x52 ./build/bsp/libraries/IFX_PSOC6_HAL/mtb-hal-cat1/source/cyhal_clock.o
                0x10003384                cyhal_clock_set_divider
 .text.cyhal_clock_free
                0x100033d6       0x4c ./build/bsp/libraries/IFX_PSOC6_HAL/mtb-hal-cat1/source/cyhal_clock.o
                0x100033d6                cyhal_clock_free
 *fill*         0x10003422        0x2 
 .text.__NVIC_EnableIRQ
                0x10003424       0x3c ./build/bsp/libraries/IFX_PSOC6_HAL/mtb-hal-cat1/source/cyhal_gpio.o
 .text.__NVIC_GetEnableIRQ
                0x10003460       0x40 ./build/bsp/libraries/IFX_PSOC6_HAL/mtb-hal-cat1/source/cyhal_gpio.o
 .text.__NVIC_SetPriority
                0x100034a0       0x54 ./build/bsp/libraries/IFX_PSOC6_HAL/mtb-hal-cat1/source/cyhal_gpio.o
 .text.CY_HALT  0x100034f4       0x10 ./build/bsp/libraries/IFX_PSOC6_HAL/mtb-hal-cat1/source/cyhal_gpio.o
 .text.Cy_GPIO_PortToAddr
                0x10003504       0x38 ./build/bsp/libraries/IFX_PSOC6_HAL/mtb-hal-cat1/source/cyhal_gpio.o
 .text._cyhal_utils_get_gpio_resource
                0x1000353c       0x54 ./build/bsp/libraries/IFX_PSOC6_HAL/mtb-hal-cat1/source/cyhal_gpio.o
 .text._cyhal_irq_set_priority
                0x10003590       0x2e ./build/bsp/libraries/IFX_PSOC6_HAL/mtb-hal-cat1/source/cyhal_gpio.o
 .text._cyhal_irq_enable
                0x100035be       0x20 ./build/bsp/libraries/IFX_PSOC6_HAL/mtb-hal-cat1/source/cyhal_gpio.o
 .text._cyhal_irq_is_enabled
                0x100035de       0x28 ./build/bsp/libraries/IFX_PSOC6_HAL/mtb-hal-cat1/source/cyhal_gpio.o
 .text._cyhal_irq_get_active
                0x10003606       0x26 ./build/bsp/libraries/IFX_PSOC6_HAL/mtb-hal-cat1/source/cyhal_gpio.o
 .text._cyhal_gpio_irq_handler
                0x1000362c       0xfc ./build/bsp/libraries/IFX_PSOC6_HAL/mtb-hal-cat1/source/cyhal_gpio.o
 .text._cyhal_gpio_convert_drive_mode
                0x10003728       0xac ./build/bsp/libraries/IFX_PSOC6_HAL/mtb-hal-cat1/source/cyhal_gpio.o
 .text.cyhal_gpio_init
                0x100037d4       0xd8 ./build/bsp/libraries/IFX_PSOC6_HAL/mtb-hal-cat1/source/cyhal_gpio.o
                0x100037d4                cyhal_gpio_init
 .text.cyhal_gpio_register_callback
                0x100038ac       0x98 ./build/bsp/libraries/IFX_PSOC6_HAL/mtb-hal-cat1/source/cyhal_gpio.o
                0x100038ac                cyhal_gpio_register_callback
 .text.cyhal_gpio_enable_event
                0x10003944       0xc0 ./build/bsp/libraries/IFX_PSOC6_HAL/mtb-hal-cat1/source/cyhal_gpio.o
                0x10003944                cyhal_gpio_enable_event
 .text.CY_HALT  0x10003a04       0x10 ./build/bsp/libraries/IFX_PSOC6_HAL/mtb-hal-cat1/source/cyhal_hwmgr.o
 .text._cyhal_uses_channels
                0x10003a14       0x34 ./build/bsp/libraries/IFX_PSOC6_HAL/mtb-hal-cat1/source/cyhal_hwmgr.o
 .text._cyhal_get_resource_offset
                0x10003a48       0x24 ./build/bsp/libraries/IFX_PSOC6_HAL/mtb-hal-cat1/source/cyhal_hwmgr.o
 .text._cyhal_get_block_offsets
                0x10003a6c       0xd4 ./build/bsp/libraries/IFX_PSOC6_HAL/mtb-hal-cat1/source/cyhal_hwmgr.o
 .text._cyhal_get_block_offset_length
                0x10003b40       0xb0 ./build/bsp/libraries/IFX_PSOC6_HAL/mtb-hal-cat1/source/cyhal_hwmgr.o
 .text._cyhal_get_bit_position
                0x10003bf0       0xf0 ./build/bsp/libraries/IFX_PSOC6_HAL/mtb-hal-cat1/source/cyhal_hwmgr.o
 .text._cyhal_is_set
                0x10003ce0       0x6e ./build/bsp/libraries/IFX_PSOC6_HAL/mtb-hal-cat1/source/cyhal_hwmgr.o
 .text._cyhal_set_bit
                0x10003d4e       0x6e ./build/bsp/libraries/IFX_PSOC6_HAL/mtb-hal-cat1/source/cyhal_hwmgr.o
 .text._cyhal_clear_bit
                0x10003dbc       0x72 ./build/bsp/libraries/IFX_PSOC6_HAL/mtb-hal-cat1/source/cyhal_hwmgr.o
 .text.cyhal_hwmgr_init
                0x10003e2e       0x10 ./build/bsp/libraries/IFX_PSOC6_HAL/mtb-hal-cat1/source/cyhal_hwmgr.o
                0x10003e2e                cyhal_hwmgr_init
 *fill*         0x10003e3e        0x2 
 .text.cyhal_hwmgr_reserve
                0x10003e40       0x6c ./build/bsp/libraries/IFX_PSOC6_HAL/mtb-hal-cat1/source/cyhal_hwmgr.o
                0x10003e40                cyhal_hwmgr_reserve
 .text.cyhal_hwmgr_free
                0x10003eac       0x40 ./build/bsp/libraries/IFX_PSOC6_HAL/mtb-hal-cat1/source/cyhal_hwmgr.o
                0x10003eac                cyhal_hwmgr_free
 .text.Cy_GPIO_PortToAddr
                0x10003eec       0x38 ./build/bsp/libraries/IFX_PSOC6_HAL/mtb-hal-cat1/source/cyhal_interconnect.o
 .text.cyhal_connect_pin
                0x10003f24       0x74 ./build/bsp/libraries/IFX_PSOC6_HAL/mtb-hal-cat1/source/cyhal_interconnect.o
                0x10003f24                cyhal_connect_pin
 .text.cyhal_disconnect_pin
                0x10003f98       0x36 ./build/bsp/libraries/IFX_PSOC6_HAL/mtb-hal-cat1/source/cyhal_interconnect.o
                0x10003f98                cyhal_disconnect_pin
 .text._cyhal_irq_register
                0x10003fce       0x2e ./build/bsp/libraries/IFX_PSOC6_HAL/mtb-hal-cat1/source/cyhal_irq_impl.o
                0x10003fce                _cyhal_irq_register
 .text.CY_HALT  0x10003ffc       0x10 ./build/bsp/libraries/IFX_PSOC6_HAL/mtb-hal-cat1/source/cyhal_scb_common.o
 .text._cyhal_utils_map_resource_equal
                0x1000400c       0x44 ./build/bsp/libraries/IFX_PSOC6_HAL/mtb-hal-cat1/source/cyhal_scb_common.o
 .text._cyhal_irq_get_active
                0x10004050       0x26 ./build/bsp/libraries/IFX_PSOC6_HAL/mtb-hal-cat1/source/cyhal_scb_common.o
 *fill*         0x10004076        0x2 
 .text._cyhal_scb_get_block_from_irqn
                0x10004078       0xe4 ./build/bsp/libraries/IFX_PSOC6_HAL/mtb-hal-cat1/source/cyhal_scb_common.o
 .text._cyhal_scb_get_block_index
                0x1000415c       0x44 ./build/bsp/libraries/IFX_PSOC6_HAL/mtb-hal-cat1/source/cyhal_scb_common.o
                0x1000415c                _cyhal_scb_get_block_index
 .text._cyhal_scb_get_irq_obj
                0x100041a0       0x40 ./build/bsp/libraries/IFX_PSOC6_HAL/mtb-hal-cat1/source/cyhal_scb_common.o
                0x100041a0                _cyhal_scb_get_irq_obj
 .text._cyhal_scb_find_map
                0x100041e0       0xae ./build/bsp/libraries/IFX_PSOC6_HAL/mtb-hal-cat1/source/cyhal_scb_common.o
                0x100041e0                _cyhal_scb_find_map
 .text._cyhal_scb_check_pin_affiliation
                0x1000428e       0x8e ./build/bsp/libraries/IFX_PSOC6_HAL/mtb-hal-cat1/source/cyhal_scb_common.o
                0x1000428e                _cyhal_scb_check_pin_affiliation
 .text._cyhal_scb_pm_transition_pending
                0x1000431c       0x18 ./build/bsp/libraries/IFX_PSOC6_HAL/mtb-hal-cat1/source/cyhal_scb_common.o
                0x1000431c                _cyhal_scb_pm_transition_pending
 .text._cyhal_scb_pm_callback_index
                0x10004334       0x68 ./build/bsp/libraries/IFX_PSOC6_HAL/mtb-hal-cat1/source/cyhal_scb_common.o
 .text._cyhal_scb_pm_callback_common
                0x1000439c       0xac ./build/bsp/libraries/IFX_PSOC6_HAL/mtb-hal-cat1/source/cyhal_scb_common.o
 .text._cyhal_scb_update_instance_data
                0x10004448       0x9c ./build/bsp/libraries/IFX_PSOC6_HAL/mtb-hal-cat1/source/cyhal_scb_common.o
                0x10004448                _cyhal_scb_update_instance_data
 .text.CY_HALT  0x100044e4       0x10 ./build/bsp/libraries/IFX_PSOC6_HAL/mtb-hal-cat1/source/cyhal_syspm.o
 .text._cyhal_syspm_call_all_pm_callbacks
                0x100044f4       0x96 ./build/bsp/libraries/IFX_PSOC6_HAL/mtb-hal-cat1/source/cyhal_syspm.o
 .text._cyhal_syspm_backtrack_all_pm_callbacks
                0x1000458a       0x5a ./build/bsp/libraries/IFX_PSOC6_HAL/mtb-hal-cat1/source/cyhal_syspm.o
 .text._cyhal_syspm_common_cb
                0x100045e4       0xc4 ./build/bsp/libraries/IFX_PSOC6_HAL/mtb-hal-cat1/source/cyhal_syspm.o
 .text._cyhal_syspm_cb_sleep_deepsleep
                0x100046a8       0x90 ./build/bsp/libraries/IFX_PSOC6_HAL/mtb-hal-cat1/source/cyhal_syspm.o
 .text._cyhal_syspm_cb_sleep
                0x10004738       0x20 ./build/bsp/libraries/IFX_PSOC6_HAL/mtb-hal-cat1/source/cyhal_syspm.o
 .text._cyhal_syspm_cb_deepsleep
                0x10004758       0x3c ./build/bsp/libraries/IFX_PSOC6_HAL/mtb-hal-cat1/source/cyhal_syspm.o
 .text._cyhal_syspm_cb_hibernate
                0x10004794       0x20 ./build/bsp/libraries/IFX_PSOC6_HAL/mtb-hal-cat1/source/cyhal_syspm.o
 .text._cyhal_syspm_cb_normal
                0x100047b4       0x48 ./build/bsp/libraries/IFX_PSOC6_HAL/mtb-hal-cat1/source/cyhal_syspm.o
 .text._cyhal_syspm_cb_lp
                0x100047fc       0x48 ./build/bsp/libraries/IFX_PSOC6_HAL/mtb-hal-cat1/source/cyhal_syspm.o
 .text._cyhal_syspm_is_registered
                0x10004844       0x22 ./build/bsp/libraries/IFX_PSOC6_HAL/mtb-hal-cat1/source/cyhal_syspm.o
 .text._cyhal_syspm_add_callback_to_list
                0x10004866       0x3e ./build/bsp/libraries/IFX_PSOC6_HAL/mtb-hal-cat1/source/cyhal_syspm.o
 .text._cyhal_syspm_remove_callback_from_list
                0x100048a4       0x4e ./build/bsp/libraries/IFX_PSOC6_HAL/mtb-hal-cat1/source/cyhal_syspm.o
 *fill*         0x100048f2        0x2 
 .text._cyhal_syspm_register_peripheral_callback
                0x100048f4       0x28 ./build/bsp/libraries/IFX_PSOC6_HAL/mtb-hal-cat1/source/cyhal_syspm.o
                0x100048f4                _cyhal_syspm_register_peripheral_callback
 .text._cyhal_syspm_unregister_peripheral_callback
                0x1000491c       0x28 ./build/bsp/libraries/IFX_PSOC6_HAL/mtb-hal-cat1/source/cyhal_syspm.o
                0x1000491c                _cyhal_syspm_unregister_peripheral_callback
 .text._cyhal_syspm_register_cb
                0x10004944       0x38 ./build/bsp/libraries/IFX_PSOC6_HAL/mtb-hal-cat1/source/cyhal_syspm.o
 .text.cyhal_syspm_init
                0x1000497c       0xc0 ./build/bsp/libraries/IFX_PSOC6_HAL/mtb-hal-cat1/source/cyhal_syspm.o
                0x1000497c                cyhal_syspm_init
 .text.cyhal_syspm_set_supply_voltage
                0x10004a3c       0x2c ./build/bsp/libraries/IFX_PSOC6_HAL/mtb-hal-cat1/source/cyhal_syspm.o
                0x10004a3c                cyhal_syspm_set_supply_voltage
 .text.__NVIC_EnableIRQ
                0x10004a68       0x3c ./build/bsp/libraries/IFX_PSOC6_HAL/mtb-hal-cat1/source/cyhal_uart.o
 .text.__NVIC_DisableIRQ
                0x10004aa4       0x48 ./build/bsp/libraries/IFX_PSOC6_HAL/mtb-hal-cat1/source/cyhal_uart.o
 .text.CY_HALT  0x10004aec       0x10 ./build/bsp/libraries/IFX_PSOC6_HAL/mtb-hal-cat1/source/cyhal_uart.o
 .text.Cy_GPIO_PortToAddr
                0x10004afc       0x38 ./build/bsp/libraries/IFX_PSOC6_HAL/mtb-hal-cat1/source/cyhal_uart.o
 .text.Cy_SCB_GetNumInRxFifo
                0x10004b34       0x1e ./build/bsp/libraries/IFX_PSOC6_HAL/mtb-hal-cat1/source/cyhal_uart.o
 .text.Cy_SCB_GetNumInTxFifo
                0x10004b52       0x1e ./build/bsp/libraries/IFX_PSOC6_HAL/mtb-hal-cat1/source/cyhal_uart.o
 .text.Cy_SCB_GetTxSrValid
                0x10004b70       0x20 ./build/bsp/libraries/IFX_PSOC6_HAL/mtb-hal-cat1/source/cyhal_uart.o
 .text.Cy_SCB_IsTxComplete
                0x10004b90       0x2c ./build/bsp/libraries/IFX_PSOC6_HAL/mtb-hal-cat1/source/cyhal_uart.o
 .text.Cy_SCB_GetRxInterruptStatusMasked
                0x10004bbc       0x1a ./build/bsp/libraries/IFX_PSOC6_HAL/mtb-hal-cat1/source/cyhal_uart.o
 .text.Cy_SCB_ClearRxInterrupt
                0x10004bd6       0x32 ./build/bsp/libraries/IFX_PSOC6_HAL/mtb-hal-cat1/source/cyhal_uart.o
 .text.Cy_SCB_SetTxInterruptMask
                0x10004c08       0x2c ./build/bsp/libraries/IFX_PSOC6_HAL/mtb-hal-cat1/source/cyhal_uart.o
 .text.Cy_SCB_GetTxInterruptMask
                0x10004c34       0x1a ./build/bsp/libraries/IFX_PSOC6_HAL/mtb-hal-cat1/source/cyhal_uart.o
 .text.Cy_SCB_GetTxInterruptStatusMasked
                0x10004c4e       0x1a ./build/bsp/libraries/IFX_PSOC6_HAL/mtb-hal-cat1/source/cyhal_uart.o
 .text.Cy_SCB_ClearTxInterrupt
                0x10004c68       0x32 ./build/bsp/libraries/IFX_PSOC6_HAL/mtb-hal-cat1/source/cyhal_uart.o
 .text.Cy_SCB_UART_Enable
                0x10004c9a       0x20 ./build/bsp/libraries/IFX_PSOC6_HAL/mtb-hal-cat1/source/cyhal_uart.o
 .text.Cy_SCB_UART_Get
                0x10004cba       0x1e ./build/bsp/libraries/IFX_PSOC6_HAL/mtb-hal-cat1/source/cyhal_uart.o
 .text.Cy_SCB_UART_GetNumInRxFifo
                0x10004cd8       0x18 ./build/bsp/libraries/IFX_PSOC6_HAL/mtb-hal-cat1/source/cyhal_uart.o
 .text.Cy_SCB_UART_IsTxComplete
                0x10004cf0       0x18 ./build/bsp/libraries/IFX_PSOC6_HAL/mtb-hal-cat1/source/cyhal_uart.o
 .text._cyhal_utils_get_peripheral_clock_frequency
                0x10004d08       0x16 ./build/bsp/libraries/IFX_PSOC6_HAL/mtb-hal-cat1/source/cyhal_uart.o
 .text._cyhal_utils_divider_value
                0x10004d1e       0x2c ./build/bsp/libraries/IFX_PSOC6_HAL/mtb-hal-cat1/source/cyhal_uart.o
 .text._cyhal_utils_peri_pclk_assign_divider
                0x10004d4a       0x2e ./build/bsp/libraries/IFX_PSOC6_HAL/mtb-hal-cat1/source/cyhal_uart.o
 .text._cyhal_irq_enable
                0x10004d78       0x20 ./build/bsp/libraries/IFX_PSOC6_HAL/mtb-hal-cat1/source/cyhal_uart.o
 .text._cyhal_irq_disable
                0x10004d98       0x1c ./build/bsp/libraries/IFX_PSOC6_HAL/mtb-hal-cat1/source/cyhal_uart.o
 .text._cyhal_irq_free
                0x10004db4       0x1c ./build/bsp/libraries/IFX_PSOC6_HAL/mtb-hal-cat1/source/cyhal_uart.o
 .text._cyhal_scb_get_clock_index
                0x10004dd0       0x1a ./build/bsp/libraries/IFX_PSOC6_HAL/mtb-hal-cat1/source/cyhal_uart.o
 *fill*         0x10004dea        0x2 
 .text._cyhal_uart_irq_handler
                0x10004dec      0x140 ./build/bsp/libraries/IFX_PSOC6_HAL/mtb-hal-cat1/source/cyhal_uart.o
 .text._cyhal_uart_pm_callback_instance
                0x10004f2c      0x1c4 ./build/bsp/libraries/IFX_PSOC6_HAL/mtb-hal-cat1/source/cyhal_uart.o
 .text._cyhal_uart_convert_parity
                0x100050f0       0x38 ./build/bsp/libraries/IFX_PSOC6_HAL/mtb-hal-cat1/source/cyhal_uart.o
 .text._cyhal_uart_convert_stopbits
                0x10005128       0x48 ./build/bsp/libraries/IFX_PSOC6_HAL/mtb-hal-cat1/source/cyhal_uart.o
 .text._cyhal_uart_actual_baud
                0x10005170       0x28 ./build/bsp/libraries/IFX_PSOC6_HAL/mtb-hal-cat1/source/cyhal_uart.o
 .text._cyhal_uart_baud_perdif
                0x10005198       0x44 ./build/bsp/libraries/IFX_PSOC6_HAL/mtb-hal-cat1/source/cyhal_uart.o
 .text._cyhal_uart_best_oversample
                0x100051dc       0x6c ./build/bsp/libraries/IFX_PSOC6_HAL/mtb-hal-cat1/source/cyhal_uart.o
 .text._cyhal_uart_setup_resources
                0x10005248      0x2ec ./build/bsp/libraries/IFX_PSOC6_HAL/mtb-hal-cat1/source/cyhal_uart.o
 .text._cyhal_uart_init_hw
                0x10005534       0xa8 ./build/bsp/libraries/IFX_PSOC6_HAL/mtb-hal-cat1/source/cyhal_uart.o
 .text.cyhal_uart_init
                0x100055dc      0x114 ./build/bsp/libraries/IFX_PSOC6_HAL/mtb-hal-cat1/source/cyhal_uart.o
                0x100055dc                cyhal_uart_init
 .text.cyhal_uart_free
                0x100056f0       0xe8 ./build/bsp/libraries/IFX_PSOC6_HAL/mtb-hal-cat1/source/cyhal_uart.o
                0x100056f0                cyhal_uart_free
 .text.cyhal_uart_set_baud
                0x100057d8      0x148 ./build/bsp/libraries/IFX_PSOC6_HAL/mtb-hal-cat1/source/cyhal_uart.o
                0x100057d8                cyhal_uart_set_baud
 .text.cyhal_uart_getc
                0x10005920       0x78 ./build/bsp/libraries/IFX_PSOC6_HAL/mtb-hal-cat1/source/cyhal_uart.o
                0x10005920                cyhal_uart_getc
 .text.cyhal_uart_config_software_buffer
                0x10005998       0x3a ./build/bsp/libraries/IFX_PSOC6_HAL/mtb-hal-cat1/source/cyhal_uart.o
                0x10005998                cyhal_uart_config_software_buffer
 .text._cyhal_utils_release_if_used
                0x100059d2       0x28 ./build/bsp/libraries/IFX_PSOC6_HAL/mtb-hal-cat1/source/cyhal_utils.o
                0x100059d2                _cyhal_utils_release_if_used
 .text.CY_HALT  0x100059fa       0x10 ./build/bsp/libraries/IFX_PSOC6_HAL/mtb-hal-cat1/source/cyhal_utils_impl.o
 .text._cyhal_utils_get_gpio_resource
                0x10005a0a       0x54 ./build/bsp/libraries/IFX_PSOC6_HAL/mtb-hal-cat1/source/cyhal_utils_impl.o
 .text._cyhal_clock_allocate_peri
                0x10005a5e       0x32 ./build/bsp/libraries/IFX_PSOC6_HAL/mtb-hal-cat1/source/cyhal_utils_impl.o
 .text._cyhal_utils_reserve_and_connect
                0x10005a90       0x60 ./build/bsp/libraries/IFX_PSOC6_HAL/mtb-hal-cat1/source/cyhal_utils_impl.o
                0x10005a90                _cyhal_utils_reserve_and_connect
 .text._cyhal_utils_disconnect_and_free
                0x10005af0       0x4a ./build/bsp/libraries/IFX_PSOC6_HAL/mtb-hal-cat1/source/cyhal_utils_impl.o
                0x10005af0                _cyhal_utils_disconnect_and_free
 *fill*         0x10005b3a        0x2 
 .text._cyhal_utils_convert_haltopdl_pm_mode
                0x10005b3c       0x58 ./build/bsp/libraries/IFX_PSOC6_HAL/mtb-hal-cat1/source/cyhal_utils_impl.o
                0x10005b3c                _cyhal_utils_convert_haltopdl_pm_mode
 .text._cyhal_utils_convert_pdltohal_pm_mode
                0x10005b94       0x58 ./build/bsp/libraries/IFX_PSOC6_HAL/mtb-hal-cat1/source/cyhal_utils_impl.o
                0x10005b94                _cyhal_utils_convert_pdltohal_pm_mode
 .text._cyhal_utils_allocate_peri
                0x10005bec       0x84 ./build/bsp/libraries/IFX_PSOC6_HAL/mtb-hal-cat1/source/cyhal_utils_impl.o
 .text._cyhal_utils_get_clock_count
                0x10005c70       0x90 ./build/bsp/libraries/IFX_PSOC6_HAL/mtb-hal-cat1/source/cyhal_utils_impl.o
                0x10005c70                _cyhal_utils_get_clock_count
 .text._cyhal_utils_allocate_clock
                0x10005d00      0x12c ./build/bsp/libraries/IFX_PSOC6_HAL/mtb-hal-cat1/source/cyhal_utils_impl.o
                0x10005d00                _cyhal_utils_allocate_clock
 .text.Cy_PDL_Init
                0x10005e2c       0x20 ./build/bsp/libraries/IFX_PSOC6_HAL/mtb-pdl-cat1/devices/COMPONENT_CAT1A/source/cy_device.o
                0x10005e2c                Cy_PDL_Init
 .text.CY_HALT  0x10005e4c       0x10 ./build/bsp/libraries/IFX_PSOC6_HAL/mtb-pdl-cat1/drivers/source/cy_gpio.o
 .text.Cy_GPIO_Pin_Init
                0x10005e5c      0x2a4 ./build/bsp/libraries/IFX_PSOC6_HAL/mtb-pdl-cat1/drivers/source/cy_gpio.o
                0x10005e5c                Cy_GPIO_Pin_Init
 .text.Cy_GPIO_Pin_FastInit
                0x10006100       0xcc ./build/bsp/libraries/IFX_PSOC6_HAL/mtb-pdl-cat1/drivers/source/cy_gpio.o
                0x10006100                Cy_GPIO_Pin_FastInit
 .text.Cy_GPIO_Port_Deinit
                0x100061cc       0xb0 ./build/bsp/libraries/IFX_PSOC6_HAL/mtb-pdl-cat1/drivers/source/cy_gpio.o
                0x100061cc                Cy_GPIO_Port_Deinit
 .text.Cy_GPIO_SetHSIOM
                0x1000627c       0xb8 ./build/bsp/libraries/IFX_PSOC6_HAL/mtb-pdl-cat1/drivers/source/cy_gpio.o
                0x1000627c                Cy_GPIO_SetHSIOM
 .text.Cy_GPIO_GetHSIOM
                0x10006334       0x7c ./build/bsp/libraries/IFX_PSOC6_HAL/mtb-pdl-cat1/drivers/source/cy_gpio.o
                0x10006334                Cy_GPIO_GetHSIOM
 .text.Cy_GPIO_Read
                0x100063b0       0x2e ./build/bsp/libraries/IFX_PSOC6_HAL/mtb-pdl-cat1/drivers/source/cy_gpio.o
                0x100063b0                Cy_GPIO_Read
 .text.Cy_GPIO_Write
                0x100063de       0x46 ./build/bsp/libraries/IFX_PSOC6_HAL/mtb-pdl-cat1/drivers/source/cy_gpio.o
                0x100063de                Cy_GPIO_Write
 .text.Cy_GPIO_Set
                0x10006424       0x2c ./build/bsp/libraries/IFX_PSOC6_HAL/mtb-pdl-cat1/drivers/source/cy_gpio.o
                0x10006424                Cy_GPIO_Set
 .text.Cy_GPIO_SetDrivemode
                0x10006450       0x88 ./build/bsp/libraries/IFX_PSOC6_HAL/mtb-pdl-cat1/drivers/source/cy_gpio.o
                0x10006450                Cy_GPIO_SetDrivemode
 .text.Cy_GPIO_SetVtrip
                0x100064d8       0x70 ./build/bsp/libraries/IFX_PSOC6_HAL/mtb-pdl-cat1/drivers/source/cy_gpio.o
                0x100064d8                Cy_GPIO_SetVtrip
 .text.Cy_GPIO_ClearInterrupt
                0x10006548       0x34 ./build/bsp/libraries/IFX_PSOC6_HAL/mtb-pdl-cat1/drivers/source/cy_gpio.o
                0x10006548                Cy_GPIO_ClearInterrupt
 .text.Cy_GPIO_SetInterruptMask
                0x1000657c       0x52 ./build/bsp/libraries/IFX_PSOC6_HAL/mtb-pdl-cat1/drivers/source/cy_gpio.o
                0x1000657c                Cy_GPIO_SetInterruptMask
 .text.Cy_GPIO_GetInterruptStatusMasked
                0x100065ce       0x2e ./build/bsp/libraries/IFX_PSOC6_HAL/mtb-pdl-cat1/drivers/source/cy_gpio.o
                0x100065ce                Cy_GPIO_GetInterruptStatusMasked
 .text.Cy_GPIO_SetInterruptEdge
                0x100065fc       0x88 ./build/bsp/libraries/IFX_PSOC6_HAL/mtb-pdl-cat1/drivers/source/cy_gpio.o
                0x100065fc                Cy_GPIO_SetInterruptEdge
 .text.Cy_GPIO_GetInterruptEdge
                0x10006684       0x40 ./build/bsp/libraries/IFX_PSOC6_HAL/mtb-pdl-cat1/drivers/source/cy_gpio.o
                0x10006684                Cy_GPIO_GetInterruptEdge
 .text.CY_HALT  0x100066c4       0x10 ./build/bsp/libraries/IFX_PSOC6_HAL/mtb-pdl-cat1/drivers/source/cy_ipc_drv.o
 .text.Cy_IPC_Drv_AcquireNotify
                0x100066d4       0x28 ./build/bsp/libraries/IFX_PSOC6_HAL/mtb-pdl-cat1/drivers/source/cy_ipc_drv.o
 .text.Cy_IPC_Drv_ReleaseNotify
                0x100066fc       0x28 ./build/bsp/libraries/IFX_PSOC6_HAL/mtb-pdl-cat1/drivers/source/cy_ipc_drv.o
 .text.Cy_IPC_Drv_WriteDataValue
                0x10006724       0x1c ./build/bsp/libraries/IFX_PSOC6_HAL/mtb-pdl-cat1/drivers/source/cy_ipc_drv.o
 .text.Cy_IPC_Drv_ReadDataValue
                0x10006740       0x18 ./build/bsp/libraries/IFX_PSOC6_HAL/mtb-pdl-cat1/drivers/source/cy_ipc_drv.o
 .text.Cy_IPC_Drv_IsLockAcquired
                0x10006758       0x2c ./build/bsp/libraries/IFX_PSOC6_HAL/mtb-pdl-cat1/drivers/source/cy_ipc_drv.o
 .text.Cy_IPC_Drv_LockAcquire
                0x10006784       0x28 ./build/bsp/libraries/IFX_PSOC6_HAL/mtb-pdl-cat1/drivers/source/cy_ipc_drv.o
 .text.Cy_IPC_Drv_LockRelease
                0x100067ac       0x38 ./build/bsp/libraries/IFX_PSOC6_HAL/mtb-pdl-cat1/drivers/source/cy_ipc_drv.o
                0x100067ac                Cy_IPC_Drv_LockRelease
 .text.Cy_IPC_Drv_SendMsgWord
                0x100067e4       0x40 ./build/bsp/libraries/IFX_PSOC6_HAL/mtb-pdl-cat1/drivers/source/cy_ipc_drv.o
                0x100067e4                Cy_IPC_Drv_SendMsgWord
 .text.Cy_IPC_Drv_ReadMsgWord
                0x10006824       0x44 ./build/bsp/libraries/IFX_PSOC6_HAL/mtb-pdl-cat1/drivers/source/cy_ipc_drv.o
                0x10006824                Cy_IPC_Drv_ReadMsgWord
 .text.__NVIC_EnableIRQ
                0x10006868       0x3c ./build/bsp/libraries/IFX_PSOC6_HAL/mtb-pdl-cat1/drivers/source/cy_ipc_pipe.o
 .text.CY_HALT  0x100068a4       0x10 ./build/bsp/libraries/IFX_PSOC6_HAL/mtb-pdl-cat1/drivers/source/cy_ipc_pipe.o
 .text.Cy_IPC_Drv_GetIpcBaseAddress
                0x100068b4       0x40 ./build/bsp/libraries/IFX_PSOC6_HAL/mtb-pdl-cat1/drivers/source/cy_ipc_pipe.o
 .text.Cy_IPC_Drv_GetIntrBaseAddr
                0x100068f4       0x38 ./build/bsp/libraries/IFX_PSOC6_HAL/mtb-pdl-cat1/drivers/source/cy_ipc_pipe.o
 .text.Cy_IPC_Drv_SetInterruptMask
                0x1000692c       0x3e ./build/bsp/libraries/IFX_PSOC6_HAL/mtb-pdl-cat1/drivers/source/cy_ipc_pipe.o
 .text.Cy_IPC_Drv_GetInterruptStatusMasked
                0x1000696a       0x18 ./build/bsp/libraries/IFX_PSOC6_HAL/mtb-pdl-cat1/drivers/source/cy_ipc_pipe.o
 .text.Cy_IPC_Drv_GetInterruptStatus
                0x10006982       0x18 ./build/bsp/libraries/IFX_PSOC6_HAL/mtb-pdl-cat1/drivers/source/cy_ipc_pipe.o
 .text.Cy_IPC_Drv_ClearInterrupt
                0x1000699a       0x42 ./build/bsp/libraries/IFX_PSOC6_HAL/mtb-pdl-cat1/drivers/source/cy_ipc_pipe.o
 .text.Cy_IPC_Drv_IsLockAcquired
                0x100069dc       0x2c ./build/bsp/libraries/IFX_PSOC6_HAL/mtb-pdl-cat1/drivers/source/cy_ipc_pipe.o
 .text.Cy_IPC_Drv_ExtractAcquireMask
                0x10006a08       0x18 ./build/bsp/libraries/IFX_PSOC6_HAL/mtb-pdl-cat1/drivers/source/cy_ipc_pipe.o
 .text.Cy_IPC_Drv_ExtractReleaseMask
                0x10006a20       0x18 ./build/bsp/libraries/IFX_PSOC6_HAL/mtb-pdl-cat1/drivers/source/cy_ipc_pipe.o
 .text.Cy_IPC_Drv_ReadMsgPtr
                0x10006a38       0x26 ./build/bsp/libraries/IFX_PSOC6_HAL/mtb-pdl-cat1/drivers/source/cy_ipc_pipe.o
 *fill*         0x10006a5e        0x2 
 .text.Cy_IPC_Pipe_Config
                0x10006a60       0x28 ./build/bsp/libraries/IFX_PSOC6_HAL/mtb-pdl-cat1/drivers/source/cy_ipc_pipe.o
                0x10006a60                Cy_IPC_Pipe_Config
 .text.Cy_IPC_Pipe_Init
                0x10006a88       0xb2 ./build/bsp/libraries/IFX_PSOC6_HAL/mtb-pdl-cat1/drivers/source/cy_ipc_pipe.o
                0x10006a88                Cy_IPC_Pipe_Init
 *fill*         0x10006b3a        0x2 
 .text.Cy_IPC_Pipe_EndpointInit
                0x10006b3c       0xa4 ./build/bsp/libraries/IFX_PSOC6_HAL/mtb-pdl-cat1/drivers/source/cy_ipc_pipe.o
                0x10006b3c                Cy_IPC_Pipe_EndpointInit
 .text.Cy_IPC_Pipe_ExecuteCallback
                0x10006be0       0x38 ./build/bsp/libraries/IFX_PSOC6_HAL/mtb-pdl-cat1/drivers/source/cy_ipc_pipe.o
                0x10006be0                Cy_IPC_Pipe_ExecuteCallback
 .text.Cy_IPC_Pipe_ExecCallback
                0x10006c18      0x132 ./build/bsp/libraries/IFX_PSOC6_HAL/mtb-pdl-cat1/drivers/source/cy_ipc_pipe.o
                0x10006c18                Cy_IPC_Pipe_ExecCallback
 .text.CY_HALT  0x10006d4a       0x10 ./build/bsp/libraries/IFX_PSOC6_HAL/mtb-pdl-cat1/drivers/source/cy_ipc_sema.o
 *fill*         0x10006d5a        0x2 
 .text.Cy_IPC_Drv_GetIpcBaseAddress
                0x10006d5c       0x40 ./build/bsp/libraries/IFX_PSOC6_HAL/mtb-pdl-cat1/drivers/source/cy_ipc_sema.o
 .text.Cy_IPC_Drv_SendMsgPtr
                0x10006d9c       0x2c ./build/bsp/libraries/IFX_PSOC6_HAL/mtb-pdl-cat1/drivers/source/cy_ipc_sema.o
 .text.Cy_IPC_Sema_Init
                0x10006dc8       0x6c ./build/bsp/libraries/IFX_PSOC6_HAL/mtb-pdl-cat1/drivers/source/cy_ipc_sema.o
                0x10006dc8                Cy_IPC_Sema_Init
 .text.Cy_IPC_Sema_InitExt
                0x10006e34       0xd0 ./build/bsp/libraries/IFX_PSOC6_HAL/mtb-pdl-cat1/drivers/source/cy_ipc_sema.o
                0x10006e34                Cy_IPC_Sema_InitExt
 .text.CY_HALT  0x10006f04       0x10 ./build/bsp/libraries/IFX_PSOC6_HAL/mtb-pdl-cat1/drivers/source/cy_prot.o
 .text.Cy_Prot_GetActivePC
                0x10006f14       0x44 ./build/bsp/libraries/IFX_PSOC6_HAL/mtb-pdl-cat1/drivers/source/cy_prot.o
                0x10006f14                Cy_Prot_GetActivePC
 .text.Cy_SCB_GetNumInRxFifo
                0x10006f58       0x1e ./build/bsp/libraries/IFX_PSOC6_HAL/mtb-pdl-cat1/drivers/source/cy_scb_common.o
 .text.Cy_SCB_GetNumInTxFifo
                0x10006f76       0x1e ./build/bsp/libraries/IFX_PSOC6_HAL/mtb-pdl-cat1/drivers/source/cy_scb_common.o
 .text.Cy_SCB_GetFifoSize
                0x10006f94       0x26 ./build/bsp/libraries/IFX_PSOC6_HAL/mtb-pdl-cat1/drivers/source/cy_scb_common.o
 .text.Cy_SCB_IsRxDataWidthByte
                0x10006fba       0x28 ./build/bsp/libraries/IFX_PSOC6_HAL/mtb-pdl-cat1/drivers/source/cy_scb_common.o
 .text.Cy_SCB_IsTxDataWidthByte
                0x10006fe2       0x28 ./build/bsp/libraries/IFX_PSOC6_HAL/mtb-pdl-cat1/drivers/source/cy_scb_common.o
 .text.Cy_SCB_ReadArrayNoCheck
                0x1000700a       0x7c ./build/bsp/libraries/IFX_PSOC6_HAL/mtb-pdl-cat1/drivers/source/cy_scb_common.o
                0x1000700a                Cy_SCB_ReadArrayNoCheck
 .text.Cy_SCB_ReadArray
                0x10007086       0x34 ./build/bsp/libraries/IFX_PSOC6_HAL/mtb-pdl-cat1/drivers/source/cy_scb_common.o
                0x10007086                Cy_SCB_ReadArray
 .text.Cy_SCB_Write
                0x100070ba       0x42 ./build/bsp/libraries/IFX_PSOC6_HAL/mtb-pdl-cat1/drivers/source/cy_scb_common.o
                0x100070ba                Cy_SCB_Write
 .text.Cy_SCB_WriteArrayNoCheck
                0x100070fc       0x88 ./build/bsp/libraries/IFX_PSOC6_HAL/mtb-pdl-cat1/drivers/source/cy_scb_common.o
                0x100070fc                Cy_SCB_WriteArrayNoCheck
 .text.Cy_SCB_WriteArray
                0x10007184       0x40 ./build/bsp/libraries/IFX_PSOC6_HAL/mtb-pdl-cat1/drivers/source/cy_scb_common.o
                0x10007184                Cy_SCB_WriteArray
 .text.CY_HALT  0x100071c4       0x10 ./build/bsp/libraries/IFX_PSOC6_HAL/mtb-pdl-cat1/drivers/source/cy_scb_uart.o
 .text.Cy_SCB_SetRxFifoLevel
                0x100071d4       0x3a ./build/bsp/libraries/IFX_PSOC6_HAL/mtb-pdl-cat1/drivers/source/cy_scb_uart.o
 .text.Cy_SCB_GetNumInRxFifo
                0x1000720e       0x1e ./build/bsp/libraries/IFX_PSOC6_HAL/mtb-pdl-cat1/drivers/source/cy_scb_uart.o
 .text.Cy_SCB_GetNumInTxFifo
                0x1000722c       0x1e ./build/bsp/libraries/IFX_PSOC6_HAL/mtb-pdl-cat1/drivers/source/cy_scb_uart.o
 .text.Cy_SCB_GetInterruptCause
                0x1000724a       0x1a ./build/bsp/libraries/IFX_PSOC6_HAL/mtb-pdl-cat1/drivers/source/cy_scb_uart.o
 .text.Cy_SCB_SetRxInterruptMask
                0x10007264       0x2c ./build/bsp/libraries/IFX_PSOC6_HAL/mtb-pdl-cat1/drivers/source/cy_scb_uart.o
 .text.Cy_SCB_GetRxInterruptStatusMasked
                0x10007290       0x1a ./build/bsp/libraries/IFX_PSOC6_HAL/mtb-pdl-cat1/drivers/source/cy_scb_uart.o
 .text.Cy_SCB_ClearRxInterrupt
                0x100072aa       0x32 ./build/bsp/libraries/IFX_PSOC6_HAL/mtb-pdl-cat1/drivers/source/cy_scb_uart.o
 .text.Cy_SCB_SetTxInterruptMask
                0x100072dc       0x2c ./build/bsp/libraries/IFX_PSOC6_HAL/mtb-pdl-cat1/drivers/source/cy_scb_uart.o
 .text.Cy_SCB_GetTxInterruptMask
                0x10007308       0x1a ./build/bsp/libraries/IFX_PSOC6_HAL/mtb-pdl-cat1/drivers/source/cy_scb_uart.o
 .text.Cy_SCB_GetTxInterruptStatusMasked
                0x10007322       0x1a ./build/bsp/libraries/IFX_PSOC6_HAL/mtb-pdl-cat1/drivers/source/cy_scb_uart.o
 .text.Cy_SCB_ClearTxInterrupt
                0x1000733c       0x32 ./build/bsp/libraries/IFX_PSOC6_HAL/mtb-pdl-cat1/drivers/source/cy_scb_uart.o
 .text.Cy_SCB_GetFifoSize
                0x1000736e       0x26 ./build/bsp/libraries/IFX_PSOC6_HAL/mtb-pdl-cat1/drivers/source/cy_scb_uart.o
 .text.Cy_SCB_IsRxDataWidthByte
                0x10007394       0x28 ./build/bsp/libraries/IFX_PSOC6_HAL/mtb-pdl-cat1/drivers/source/cy_scb_uart.o
 .text.Cy_SCB_IsTxDataWidthByte
                0x100073bc       0x28 ./build/bsp/libraries/IFX_PSOC6_HAL/mtb-pdl-cat1/drivers/source/cy_scb_uart.o
 .text.Cy_SCB_UART_GetRtsFifoLevel
                0x100073e4       0x1a ./build/bsp/libraries/IFX_PSOC6_HAL/mtb-pdl-cat1/drivers/source/cy_scb_uart.o
 .text.Cy_SCB_UART_GetArray
                0x100073fe       0x30 ./build/bsp/libraries/IFX_PSOC6_HAL/mtb-pdl-cat1/drivers/source/cy_scb_uart.o
 .text.Cy_SCB_UART_PutArray
                0x1000742e       0x30 ./build/bsp/libraries/IFX_PSOC6_HAL/mtb-pdl-cat1/drivers/source/cy_scb_uart.o
 *fill*         0x1000745e        0x2 
 .text.Cy_SCB_UART_Init
                0x10007460      0x498 ./build/bsp/libraries/IFX_PSOC6_HAL/mtb-pdl-cat1/drivers/source/cy_scb_uart.o
                0x10007460                Cy_SCB_UART_Init
 .text.Cy_SCB_UART_DeInit
                0x100078f8       0x94 ./build/bsp/libraries/IFX_PSOC6_HAL/mtb-pdl-cat1/drivers/source/cy_scb_uart.o
                0x100078f8                Cy_SCB_UART_DeInit
 .text.Cy_SCB_UART_Disable
                0x1000798c       0x40 ./build/bsp/libraries/IFX_PSOC6_HAL/mtb-pdl-cat1/drivers/source/cy_scb_uart.o
                0x1000798c                Cy_SCB_UART_Disable
 .text.Cy_SCB_UART_StartRingBuffer
                0x100079cc       0x90 ./build/bsp/libraries/IFX_PSOC6_HAL/mtb-pdl-cat1/drivers/source/cy_scb_uart.o
                0x100079cc                Cy_SCB_UART_StartRingBuffer
 .text.SelectRxFifoLevel
                0x10007a5c       0x30 ./build/bsp/libraries/IFX_PSOC6_HAL/mtb-pdl-cat1/drivers/source/cy_scb_uart.o
 .text.Cy_SCB_UART_GetNumInRingBuffer
                0x10007a8c       0x44 ./build/bsp/libraries/IFX_PSOC6_HAL/mtb-pdl-cat1/drivers/source/cy_scb_uart.o
                0x10007a8c                Cy_SCB_UART_GetNumInRingBuffer
 .text.Cy_SCB_UART_GetReceiveStatus
                0x10007ad0       0x1a ./build/bsp/libraries/IFX_PSOC6_HAL/mtb-pdl-cat1/drivers/source/cy_scb_uart.o
                0x10007ad0                Cy_SCB_UART_GetReceiveStatus
 .text.Cy_SCB_UART_GetTransmitStatus
                0x10007aea       0x1a ./build/bsp/libraries/IFX_PSOC6_HAL/mtb-pdl-cat1/drivers/source/cy_scb_uart.o
                0x10007aea                Cy_SCB_UART_GetTransmitStatus
 .text.Cy_SCB_UART_Interrupt
                0x10007b04      0x1ac ./build/bsp/libraries/IFX_PSOC6_HAL/mtb-pdl-cat1/drivers/source/cy_scb_uart.o
                0x10007b04                Cy_SCB_UART_Interrupt
 .text.HandleDataReceive
                0x10007cb0       0xe6 ./build/bsp/libraries/IFX_PSOC6_HAL/mtb-pdl-cat1/drivers/source/cy_scb_uart.o
 .text.HandleRingBuffer
                0x10007d96       0xfc ./build/bsp/libraries/IFX_PSOC6_HAL/mtb-pdl-cat1/drivers/source/cy_scb_uart.o
 .text.HandleDataTransmit
                0x10007e92      0x112 ./build/bsp/libraries/IFX_PSOC6_HAL/mtb-pdl-cat1/drivers/source/cy_scb_uart.o
 .text.CY_HALT  0x10007fa4       0x10 ./build/bsp/libraries/IFX_PSOC6_HAL/mtb-pdl-cat1/drivers/source/cy_sysclk.o
 .text.Cy_SysClk_PeriphSetDivider
                0x10007fb4       0xd8 ./build/bsp/libraries/IFX_PSOC6_HAL/mtb-pdl-cat1/drivers/source/cy_sysclk.o
                0x10007fb4                Cy_SysClk_PeriphSetDivider
 .text.Cy_SysClk_PeriphSetFracDivider
                0x1000808c      0x164 ./build/bsp/libraries/IFX_PSOC6_HAL/mtb-pdl-cat1/drivers/source/cy_sysclk.o
                0x1000808c                Cy_SysClk_PeriphSetFracDivider
 .text.Cy_SysClk_PeriphAssignDivider
                0x100081f0       0xb4 ./build/bsp/libraries/IFX_PSOC6_HAL/mtb-pdl-cat1/drivers/source/cy_sysclk.o
                0x100081f0                Cy_SysClk_PeriphAssignDivider
 .text.Cy_SysClk_PeriphEnableDivider
                0x100082a4       0xd0 ./build/bsp/libraries/IFX_PSOC6_HAL/mtb-pdl-cat1/drivers/source/cy_sysclk.o
                0x100082a4                Cy_SysClk_PeriphEnableDivider
 .text.Cy_SysClk_PeriphDisableDivider
                0x10008374       0x9c ./build/bsp/libraries/IFX_PSOC6_HAL/mtb-pdl-cat1/drivers/source/cy_sysclk.o
                0x10008374                Cy_SysClk_PeriphDisableDivider
 .text.Cy_SysClk_ClkSlowSetDivider
                0x10008410       0x4c ./build/bsp/libraries/IFX_PSOC6_HAL/mtb-pdl-cat1/drivers/source/cy_sysclk.o
                0x10008410                Cy_SysClk_ClkSlowSetDivider
 .text.Cy_SysClk_ClkTimerSetSource
                0x1000845c       0x44 ./build/bsp/libraries/IFX_PSOC6_HAL/mtb-pdl-cat1/drivers/source/cy_sysclk.o
                0x1000845c                Cy_SysClk_ClkTimerSetSource
 .text.Cy_SysClk_ClkTimerSetDivider
                0x100084a0       0x34 ./build/bsp/libraries/IFX_PSOC6_HAL/mtb-pdl-cat1/drivers/source/cy_sysclk.o
                0x100084a0                Cy_SysClk_ClkTimerSetDivider
 .text.Cy_SysClk_ClkTimerEnable
                0x100084d4       0x24 ./build/bsp/libraries/IFX_PSOC6_HAL/mtb-pdl-cat1/drivers/source/cy_sysclk.o
                0x100084d4                Cy_SysClk_ClkTimerEnable
 .text.Cy_SysClk_ClkTimerDisable
                0x100084f8       0x24 ./build/bsp/libraries/IFX_PSOC6_HAL/mtb-pdl-cat1/drivers/source/cy_sysclk.o
                0x100084f8                Cy_SysClk_ClkTimerDisable
 .text.Cy_SysClk_ClkPeriGetFrequency
                0x1000851c       0x2e ./build/bsp/libraries/IFX_PSOC6_HAL/mtb-pdl-cat1/drivers/source/cy_sysclk.o
                0x1000851c                Cy_SysClk_ClkPeriGetFrequency
 *fill*         0x1000854a        0x2 
 .text.Cy_SysClk_ClkPeriSetDivider
                0x1000854c       0x48 ./build/bsp/libraries/IFX_PSOC6_HAL/mtb-pdl-cat1/drivers/source/cy_sysclk.o
                0x1000854c                Cy_SysClk_ClkPeriSetDivider
 .text.Cy_SysClk_ClkPeriGetDivider
                0x10008594       0x28 ./build/bsp/libraries/IFX_PSOC6_HAL/mtb-pdl-cat1/drivers/source/cy_sysclk.o
                0x10008594                Cy_SysClk_ClkPeriGetDivider
 .text.Cy_SysClk_ClkFastSetDivider
                0x100085bc       0x4c ./build/bsp/libraries/IFX_PSOC6_HAL/mtb-pdl-cat1/drivers/source/cy_sysclk.o
                0x100085bc                Cy_SysClk_ClkFastSetDivider
 .text.Cy_SysClk_ClkFastGetDivider
                0x10008608       0x28 ./build/bsp/libraries/IFX_PSOC6_HAL/mtb-pdl-cat1/drivers/source/cy_sysclk.o
                0x10008608                Cy_SysClk_ClkFastGetDivider
 .text.Cy_SysClk_ClkHfEnable
                0x10008630       0x54 ./build/bsp/libraries/IFX_PSOC6_HAL/mtb-pdl-cat1/drivers/source/cy_sysclk.o
                0x10008630                Cy_SysClk_ClkHfEnable
 .text.Cy_SysClk_ClkHfIsEnabled
                0x10008684       0x40 ./build/bsp/libraries/IFX_PSOC6_HAL/mtb-pdl-cat1/drivers/source/cy_sysclk.o
                0x10008684                Cy_SysClk_ClkHfIsEnabled
 .text.Cy_SysClk_ClkHfDisable
                0x100086c4       0x58 ./build/bsp/libraries/IFX_PSOC6_HAL/mtb-pdl-cat1/drivers/source/cy_sysclk.o
                0x100086c4                Cy_SysClk_ClkHfDisable
 .text.Cy_SysClk_ClkHfSetSource
                0x1000871c       0x64 ./build/bsp/libraries/IFX_PSOC6_HAL/mtb-pdl-cat1/drivers/source/cy_sysclk.o
                0x1000871c                Cy_SysClk_ClkHfSetSource
 .text.Cy_SysClk_ClkHfGetSource
                0x10008780       0x40 ./build/bsp/libraries/IFX_PSOC6_HAL/mtb-pdl-cat1/drivers/source/cy_sysclk.o
                0x10008780                Cy_SysClk_ClkHfGetSource
 .text.Cy_SysClk_ClkHfSetDivider
                0x100087c0       0x68 ./build/bsp/libraries/IFX_PSOC6_HAL/mtb-pdl-cat1/drivers/source/cy_sysclk.o
                0x100087c0                Cy_SysClk_ClkHfSetDivider
 .text.Cy_SysClk_ClkHfGetDivider
                0x10008828       0x40 ./build/bsp/libraries/IFX_PSOC6_HAL/mtb-pdl-cat1/drivers/source/cy_sysclk.o
                0x10008828                Cy_SysClk_ClkHfGetDivider
 .text.Cy_SysClk_WcoOkay
                0x10008868       0x24 ./build/bsp/libraries/IFX_PSOC6_HAL/mtb-pdl-cat1/drivers/source/cy_sysclk.o
                0x10008868                Cy_SysClk_WcoOkay
 .text.Cy_SysClk_AltHfGetFrequency
                0x1000888c       0x10 ./build/bsp/libraries/IFX_PSOC6_HAL/mtb-pdl-cat1/drivers/source/cy_sysclk.o
                0x1000888c                Cy_SysClk_AltHfGetFrequency
 .text.Cy_SysClk_AltLfGetFrequency
                0x1000889c       0x10 ./build/bsp/libraries/IFX_PSOC6_HAL/mtb-pdl-cat1/drivers/source/cy_sysclk.o
                0x1000889c                Cy_SysClk_AltLfGetFrequency
 .text.Cy_SysClk_IloEnable
                0x100088ac       0x24 ./build/bsp/libraries/IFX_PSOC6_HAL/mtb-pdl-cat1/drivers/source/cy_sysclk.o
                0x100088ac                Cy_SysClk_IloEnable
 .text.Cy_SysClk_IloDisable
                0x100088d0       0x44 ./build/bsp/libraries/IFX_PSOC6_HAL/mtb-pdl-cat1/drivers/source/cy_sysclk.o
                0x100088d0                Cy_SysClk_IloDisable
 .text.Cy_SysClk_IloHibernateOn
                0x10008914       0x38 ./build/bsp/libraries/IFX_PSOC6_HAL/mtb-pdl-cat1/drivers/source/cy_sysclk.o
                0x10008914                Cy_SysClk_IloHibernateOn
 .text.Cy_SysClk_ExtClkGetFrequency
                0x1000894c       0x18 ./build/bsp/libraries/IFX_PSOC6_HAL/mtb-pdl-cat1/drivers/source/cy_sysclk.o
                0x1000894c                Cy_SysClk_ExtClkGetFrequency
 .text.Cy_SysClk_EcoGetStatus
                0x10008964       0x30 ./build/bsp/libraries/IFX_PSOC6_HAL/mtb-pdl-cat1/drivers/source/cy_sysclk.o
                0x10008964                Cy_SysClk_EcoGetStatus
 .text.Cy_SysClk_EcoGetFrequency
                0x10008994       0x20 ./build/bsp/libraries/IFX_PSOC6_HAL/mtb-pdl-cat1/drivers/source/cy_sysclk.o
                0x10008994                Cy_SysClk_EcoGetFrequency
 .text.Cy_SysClk_ClkPathSetSource
                0x100089b4       0x88 ./build/bsp/libraries/IFX_PSOC6_HAL/mtb-pdl-cat1/drivers/source/cy_sysclk.o
                0x100089b4                Cy_SysClk_ClkPathSetSource
 .text.Cy_SysClk_ClkPathGetSource
                0x10008a3c       0x60 ./build/bsp/libraries/IFX_PSOC6_HAL/mtb-pdl-cat1/drivers/source/cy_sysclk.o
                0x10008a3c                Cy_SysClk_ClkPathGetSource
 .text.Cy_SysClk_ClkPathMuxGetFrequency
                0x10008a9c       0xfc ./build/bsp/libraries/IFX_PSOC6_HAL/mtb-pdl-cat1/drivers/source/cy_sysclk.o
                0x10008a9c                Cy_SysClk_ClkPathMuxGetFrequency
 .text.Cy_SysClk_ClkPathGetFrequency
                0x10008b98       0x64 ./build/bsp/libraries/IFX_PSOC6_HAL/mtb-pdl-cat1/drivers/source/cy_sysclk.o
                0x10008b98                Cy_SysClk_ClkPathGetFrequency
 .text.Cy_SysClk_FllIsEnabled
                0x10008bfc       0x1c ./build/bsp/libraries/IFX_PSOC6_HAL/mtb-pdl-cat1/drivers/source/cy_sysclk.o
                0x10008bfc                Cy_SysClk_FllIsEnabled
 .text.Cy_SysClk_FllLocked
                0x10008c18       0x28 ./build/bsp/libraries/IFX_PSOC6_HAL/mtb-pdl-cat1/drivers/source/cy_sysclk.o
                0x10008c18                Cy_SysClk_FllLocked
 .text.Cy_SysClk_FllDisable
                0x10008c40       0x50 ./build/bsp/libraries/IFX_PSOC6_HAL/mtb-pdl-cat1/drivers/source/cy_sysclk.o
                0x10008c40                Cy_SysClk_FllDisable
 .text.Cy_SysClk_FllManualConfigure
                0x10008c90      0x178 ./build/bsp/libraries/IFX_PSOC6_HAL/mtb-pdl-cat1/drivers/source/cy_sysclk.o
                0x10008c90                Cy_SysClk_FllManualConfigure
 .text.Cy_SysClk_FllGetConfiguration
                0x10008e08       0xd4 ./build/bsp/libraries/IFX_PSOC6_HAL/mtb-pdl-cat1/drivers/source/cy_sysclk.o
                0x10008e08                Cy_SysClk_FllGetConfiguration
 .text.Cy_SysClk_FllEnable
                0x10008edc       0xe4 ./build/bsp/libraries/IFX_PSOC6_HAL/mtb-pdl-cat1/drivers/source/cy_sysclk.o
                0x10008edc                Cy_SysClk_FllEnable
 .text.Cy_SysClk_PllIsEnabled
                0x10008fc0       0x44 ./build/bsp/libraries/IFX_PSOC6_HAL/mtb-pdl-cat1/drivers/source/cy_sysclk.o
                0x10008fc0                Cy_SysClk_PllIsEnabled
 .text.Cy_SysClk_PllLocked
                0x10009004       0x4c ./build/bsp/libraries/IFX_PSOC6_HAL/mtb-pdl-cat1/drivers/source/cy_sysclk.o
                0x10009004                Cy_SysClk_PllLocked
 .text.Cy_SysClk_PllDisable
                0x10009050       0x80 ./build/bsp/libraries/IFX_PSOC6_HAL/mtb-pdl-cat1/drivers/source/cy_sysclk.o
                0x10009050                Cy_SysClk_PllDisable
 .text.Cy_SysClk_PllManualConfigure
                0x100090d0      0x114 ./build/bsp/libraries/IFX_PSOC6_HAL/mtb-pdl-cat1/drivers/source/cy_sysclk.o
                0x100090d0                Cy_SysClk_PllManualConfigure
 .text.Cy_SysClk_PllGetConfiguration
                0x100091e4       0xa0 ./build/bsp/libraries/IFX_PSOC6_HAL/mtb-pdl-cat1/drivers/source/cy_sysclk.o
                0x100091e4                Cy_SysClk_PllGetConfiguration
 .text.Cy_SysClk_PllEnable
                0x10009284      0x118 ./build/bsp/libraries/IFX_PSOC6_HAL/mtb-pdl-cat1/drivers/source/cy_sysclk.o
                0x10009284                Cy_SysClk_PllEnable
 .text.Cy_SysClk_DeepSleepCallback
                0x1000939c      0x334 ./build/bsp/libraries/IFX_PSOC6_HAL/mtb-pdl-cat1/drivers/source/cy_sysclk.o
                0x1000939c                Cy_SysClk_DeepSleepCallback
 .text.Cy_SysClk_ClkHfGetFrequency
                0x100096d0       0x40 ./build/bsp/libraries/IFX_PSOC6_HAL/mtb-pdl-cat1/drivers/source/cy_sysclk.o
                0x100096d0                Cy_SysClk_ClkHfGetFrequency
 .text.Cy_SysClk_FllGetFrequency
                0x10009710      0x14a ./build/bsp/libraries/IFX_PSOC6_HAL/mtb-pdl-cat1/drivers/source/cy_sysclk.o
                0x10009710                Cy_SysClk_FllGetFrequency
 *fill*         0x1000985a        0x2 
 .text.Cy_SysClk_PllGetFrequency
                0x1000985c      0x1a8 ./build/bsp/libraries/IFX_PSOC6_HAL/mtb-pdl-cat1/drivers/source/cy_sysclk.o
                0x1000985c                Cy_SysClk_PllGetFrequency
 .text.__NVIC_SetPriority
                0x10009a04       0x54 ./build/bsp/libraries/IFX_PSOC6_HAL/mtb-pdl-cat1/drivers/source/cy_sysint.o
 .text.CY_HALT  0x10009a58       0x10 ./build/bsp/libraries/IFX_PSOC6_HAL/mtb-pdl-cat1/drivers/source/cy_sysint.o
 .text.Cy_SysInt_Init
                0x10009a68       0x68 ./build/bsp/libraries/IFX_PSOC6_HAL/mtb-pdl-cat1/drivers/source/cy_sysint.o
                0x10009a68                Cy_SysInt_Init
 .text.Cy_SysInt_SetVector
                0x10009ad0       0x64 ./build/bsp/libraries/IFX_PSOC6_HAL/mtb-pdl-cat1/drivers/source/cy_sysint.o
                0x10009ad0                Cy_SysInt_SetVector
 .text.Cy_SysLib_GetResetStatus
                0x10009b34       0x24 ./build/bsp/libraries/IFX_PSOC6_HAL/mtb-pdl-cat1/drivers/source/cy_syslib.o
 .text.Cy_SysLib_Delay
                0x10009b58       0x54 ./build/bsp/libraries/IFX_PSOC6_HAL/mtb-pdl-cat1/drivers/source/cy_syslib.o
                0x10009b58                Cy_SysLib_Delay
 .text.Cy_SysLib_DelayUs
                0x10009bac       0x28 ./build/bsp/libraries/IFX_PSOC6_HAL/mtb-pdl-cat1/drivers/source/cy_syslib.o
                0x10009bac                Cy_SysLib_DelayUs
 .text.Cy_SysLib_ResetBackupDomain
                0x10009bd4       0x1c ./build/bsp/libraries/IFX_PSOC6_HAL/mtb-pdl-cat1/drivers/source/cy_syslib.o
                0x10009bd4                Cy_SysLib_ResetBackupDomain
 .text.Cy_SysLib_GetResetReason
                0x10009bf0       0x5c ./build/bsp/libraries/IFX_PSOC6_HAL/mtb-pdl-cat1/drivers/source/cy_syslib.o
                0x10009bf0                Cy_SysLib_GetResetReason
 .text.Cy_SysLib_FaultHandler
                0x10009c4c      0x118 ./build/bsp/libraries/IFX_PSOC6_HAL/mtb-pdl-cat1/drivers/source/cy_syslib.o
                0x10009c4c                Cy_SysLib_FaultHandler
 .text.Cy_SysLib_ProcessingFault
                0x10009d64        0x6 ./build/bsp/libraries/IFX_PSOC6_HAL/mtb-pdl-cat1/drivers/source/cy_syslib.o
                0x10009d64                Cy_SysLib_ProcessingFault
 *fill*         0x10009d6a        0x2 
 .text.Cy_SysLib_SetWaitStates
                0x10009d6c      0x190 ./build/bsp/libraries/IFX_PSOC6_HAL/mtb-pdl-cat1/drivers/source/cy_syslib.o
                0x10009d6c                Cy_SysLib_SetWaitStates
 .text.Cy_SysLib_GetDeviceRevision
                0x10009efc       0x26 ./build/bsp/libraries/IFX_PSOC6_HAL/mtb-pdl-cat1/drivers/source/cy_syslib.o
                0x10009efc                Cy_SysLib_GetDeviceRevision
 .text.Cy_SysLib_GetDevice
                0x10009f22       0x28 ./build/bsp/libraries/IFX_PSOC6_HAL/mtb-pdl-cat1/drivers/source/cy_syslib.o
                0x10009f22                Cy_SysLib_GetDevice
 .text.CY_HALT  0x10009f4a       0x10 ./build/bsp/libraries/IFX_PSOC6_HAL/mtb-pdl-cat1/drivers/source/cy_syspm.o
 *fill*         0x10009f5a        0x2 
 .text.Cy_IPC_Drv_GetIpcBaseAddress
                0x10009f5c       0x40 ./build/bsp/libraries/IFX_PSOC6_HAL/mtb-pdl-cat1/drivers/source/cy_syspm.o
 .text.Cy_IPC_Drv_ReadDataValue
                0x10009f9c       0x18 ./build/bsp/libraries/IFX_PSOC6_HAL/mtb-pdl-cat1/drivers/source/cy_syspm.o
 .text.Cy_IPC_Drv_IsLockAcquired
                0x10009fb4       0x2c ./build/bsp/libraries/IFX_PSOC6_HAL/mtb-pdl-cat1/drivers/source/cy_syspm.o
 .text.Cy_SysPm_ReadStatus
                0x10009fe0       0xfc ./build/bsp/libraries/IFX_PSOC6_HAL/mtb-pdl-cat1/drivers/source/cy_syspm.o
                0x10009fe0                Cy_SysPm_ReadStatus
 .text.Cy_SysPm_SystemSetNormalRegulatorCurrent
                0x1000a0dc       0xb0 ./build/bsp/libraries/IFX_PSOC6_HAL/mtb-pdl-cat1/drivers/source/cy_syspm.o
                0x1000a0dc                Cy_SysPm_SystemSetNormalRegulatorCurrent
 .text.Cy_SysPm_LdoSetVoltage
                0x1000a18c      0x124 ./build/bsp/libraries/IFX_PSOC6_HAL/mtb-pdl-cat1/drivers/source/cy_syspm.o
                0x1000a18c                Cy_SysPm_LdoSetVoltage
 .text.Cy_SysPm_RegisterCallback
                0x1000a2b0       0xfc ./build/bsp/libraries/IFX_PSOC6_HAL/mtb-pdl-cat1/drivers/source/cy_syspm.o
                0x1000a2b0                Cy_SysPm_RegisterCallback
 .text.Cy_SysPm_IoUnfreeze
                0x1000a3ac       0x44 ./build/bsp/libraries/IFX_PSOC6_HAL/mtb-pdl-cat1/drivers/source/cy_syspm.o
                0x1000a3ac                Cy_SysPm_IoUnfreeze
 .text.Cy_SysPm_WriteVoltageBitForFlash
                0x1000a3f0      0x110 ./build/bsp/libraries/IFX_PSOC6_HAL/mtb-pdl-cat1/drivers/source/cy_syspm.o
                0x1000a3f0                Cy_SysPm_WriteVoltageBitForFlash
 .text.SetReadMarginTrimUlp
                0x1000a500       0xcc ./build/bsp/libraries/IFX_PSOC6_HAL/mtb-pdl-cat1/drivers/source/cy_syspm.o
 .text.SetReadMarginTrimLp
                0x1000a5cc       0xcc ./build/bsp/libraries/IFX_PSOC6_HAL/mtb-pdl-cat1/drivers/source/cy_syspm.o
 .text.SetWriteAssistTrimUlp
                0x1000a698       0x80 ./build/bsp/libraries/IFX_PSOC6_HAL/mtb-pdl-cat1/drivers/source/cy_syspm.o
 .text.SetWriteAssistTrimLp
                0x1000a718       0xa0 ./build/bsp/libraries/IFX_PSOC6_HAL/mtb-pdl-cat1/drivers/source/cy_syspm.o
 .text.IsVoltageChangePossible
                0x1000a7b8       0xe0 ./build/bsp/libraries/IFX_PSOC6_HAL/mtb-pdl-cat1/drivers/source/cy_syspm.o
 .text.Cy_SysPm_IsSystemUlp
                0x1000a898       0x1c ./build/bsp/libraries/IFX_PSOC6_HAL/mtb-pdl-cat1/drivers/source/cy_syspm.o
                0x1000a898                Cy_SysPm_IsSystemUlp
 .text.Cy_SysPm_SystemIsMinRegulatorCurrentSet
                0x1000a8b4       0x40 ./build/bsp/libraries/IFX_PSOC6_HAL/mtb-pdl-cat1/drivers/source/cy_syspm.o
                0x1000a8b4                Cy_SysPm_SystemIsMinRegulatorCurrentSet
 .text.Cy_SysPm_BuckGetVoltage1
                0x1000a8f4       0x24 ./build/bsp/libraries/IFX_PSOC6_HAL/mtb-pdl-cat1/drivers/source/cy_syspm.o
                0x1000a8f4                Cy_SysPm_BuckGetVoltage1
 .text.Cy_SysPm_LdoGetVoltage
                0x1000a918       0x40 ./build/bsp/libraries/IFX_PSOC6_HAL/mtb-pdl-cat1/drivers/source/cy_syspm.o
                0x1000a918                Cy_SysPm_LdoGetVoltage
 .text.Cy_SysPm_LdoIsEnabled
                0x1000a958       0x24 ./build/bsp/libraries/IFX_PSOC6_HAL/mtb-pdl-cat1/drivers/source/cy_syspm.o
                0x1000a958                Cy_SysPm_LdoIsEnabled
 .text.Cy_SysPm_IoIsFrozen
                0x1000a97c       0x24 ./build/bsp/libraries/IFX_PSOC6_HAL/mtb-pdl-cat1/drivers/source/cy_syspm.o
                0x1000a97c                Cy_SysPm_IoIsFrozen
 .text.Cy_SysPm_PmicDisableOutput
                0x1000a9a0       0x34 ./build/bsp/libraries/IFX_PSOC6_HAL/mtb-pdl-cat1/drivers/source/cy_syspm.o
                0x1000a9a0                Cy_SysPm_PmicDisableOutput
 .text.Cy_SysPm_PmicUnlock
                0x1000a9d4       0x24 ./build/bsp/libraries/IFX_PSOC6_HAL/mtb-pdl-cat1/drivers/source/cy_syspm.o
                0x1000a9d4                Cy_SysPm_PmicUnlock
 .text.CY_HALT  0x1000a9f8       0x10 ./build/bsp/libraries/IFX_PSOC6_HAL/mtb-pdl-cat1/drivers/source/cy_systick.o
 .text.Cy_SysTick_EnableInterrupt
                0x1000aa08       0x20 ./build/bsp/libraries/IFX_PSOC6_HAL/mtb-pdl-cat1/drivers/source/cy_systick.o
                0x1000aa08                Cy_SysTick_EnableInterrupt
 .text.Cy_SysTick_SetReload
                0x1000aa28       0x2c ./build/bsp/libraries/IFX_PSOC6_HAL/mtb-pdl-cat1/drivers/source/cy_systick.o
                0x1000aa28                Cy_SysTick_SetReload
 .text.Cy_SysTick_Clear
                0x1000aa54       0x18 ./build/bsp/libraries/IFX_PSOC6_HAL/mtb-pdl-cat1/drivers/source/cy_systick.o
                0x1000aa54                Cy_SysTick_Clear
 .text.Cy_SysTick_GetCountFlag
                0x1000aa6c       0x1c ./build/bsp/libraries/IFX_PSOC6_HAL/mtb-pdl-cat1/drivers/source/cy_systick.o
                0x1000aa6c                Cy_SysTick_GetCountFlag
 .text.Cy_SysTick_Init
                0x1000aa88       0x64 ./build/bsp/libraries/IFX_PSOC6_HAL/mtb-pdl-cat1/drivers/source/cy_systick.o
                0x1000aa88                Cy_SysTick_Init
 .text.Cy_SysTick_Enable
                0x1000aaec       0x1c ./build/bsp/libraries/IFX_PSOC6_HAL/mtb-pdl-cat1/drivers/source/cy_systick.o
                0x1000aaec                Cy_SysTick_Enable
 .text.Cy_SysTick_SetClockSource
                0x1000ab08       0x58 ./build/bsp/libraries/IFX_PSOC6_HAL/mtb-pdl-cat1/drivers/source/cy_systick.o
                0x1000ab08                Cy_SysTick_SetClockSource
 .text.Cy_SysTick_SetCallback
                0x1000ab60       0x3c ./build/bsp/libraries/IFX_PSOC6_HAL/mtb-pdl-cat1/drivers/source/cy_systick.o
                0x1000ab60                Cy_SysTick_SetCallback
 .text.Cy_SysTick_ServiceCallbacks
                0x1000ab9c       0x44 ./build/bsp/libraries/IFX_PSOC6_HAL/mtb-pdl-cat1/drivers/source/cy_systick.o
 .text.SystemInit
                0x1000abe0       0x38 ./build/bsp/libs/TARGET_RTT-062S2/COMPONENT_CM4/system_psoc6_cm4.o
                0x1000abe0                SystemInit
 .text.Cy_SystemInit
                0x1000ac18        0xe ./build/bsp/libs/TARGET_RTT-062S2/COMPONENT_CM4/system_psoc6_cm4.o
                0x1000ac18                Cy_SystemInit
 *fill*         0x1000ac26        0x2 
 .text.SystemCoreClockUpdate
                0x1000ac28       0xac ./build/bsp/libs/TARGET_RTT-062S2/COMPONENT_CM4/system_psoc6_cm4.o
                0x1000ac28                SystemCoreClockUpdate
 .text.Cy_SystemInitFpuEnable
                0x1000acd4       0x4c ./build/bsp/libs/TARGET_RTT-062S2/COMPONENT_CM4/system_psoc6_cm4.o
                0x1000acd4                Cy_SystemInitFpuEnable
 .text.Cy_SysIpcPipeIsrCm4
                0x1000ad20        0xe ./build/bsp/libs/TARGET_RTT-062S2/COMPONENT_CM4/system_psoc6_cm4.o
                0x1000ad20                Cy_SysIpcPipeIsrCm4
 .text.cycfg_config_init
                0x1000ad2e       0x1c ./build/bsp/libs/TARGET_RTT-062S2/config/GeneratedSource/cycfg.o
                0x1000ad2e                cycfg_config_init
 .text.cycfg_config_reservations
                0x1000ad4a       0x14 ./build/bsp/libs/TARGET_RTT-062S2/config/GeneratedSource/cycfg.o
                0x1000ad4a                cycfg_config_reservations
 .text.init_cycfg_clocks
                0x1000ad5e       0x22 ./build/bsp/libs/TARGET_RTT-062S2/config/GeneratedSource/cycfg_clocks.o
                0x1000ad5e                init_cycfg_clocks
 .text.reserve_cycfg_clocks
                0x1000ad80       0x14 ./build/bsp/libs/TARGET_RTT-062S2/config/GeneratedSource/cycfg_clocks.o
                0x1000ad80                reserve_cycfg_clocks
 .text.init_cycfg_peripherals
                0x1000ad94       0x12 ./build/bsp/libs/TARGET_RTT-062S2/config/GeneratedSource/cycfg_peripherals.o
                0x1000ad94                init_cycfg_peripherals
 *fill*         0x1000ada6        0x2 
 .text.init_cycfg_pins
                0x1000ada8       0x48 ./build/bsp/libs/TARGET_RTT-062S2/config/GeneratedSource/cycfg_pins.o
                0x1000ada8                init_cycfg_pins
 .text.reserve_cycfg_pins
                0x1000adf0       0x6c ./build/bsp/libs/TARGET_RTT-062S2/config/GeneratedSource/cycfg_pins.o
                0x1000adf0                reserve_cycfg_pins
 .text.init_cycfg_routing
                0x1000ae5c       0x2c ./build/bsp/libs/TARGET_RTT-062S2/config/GeneratedSource/cycfg_routing.o
                0x1000ae5c                init_cycfg_routing
 .text.cycfg_ClockStartupError
                0x1000ae88        0xa ./build/bsp/libs/TARGET_RTT-062S2/config/GeneratedSource/cycfg_system.o
                0x1000ae88                cycfg_ClockStartupError
 .text.Cy_SysClk_FllDeInit
                0x1000ae92        0xc ./build/bsp/libs/TARGET_RTT-062S2/config/GeneratedSource/cycfg_system.o
 .text.Cy_SysClk_ClkFastInit
                0x1000ae9e        0xe ./build/bsp/libs/TARGET_RTT-062S2/config/GeneratedSource/cycfg_system.o
 .text.Cy_SysClk_FllInit
                0x1000aeac       0x34 ./build/bsp/libs/TARGET_RTT-062S2/config/GeneratedSource/cycfg_system.o
 .text.Cy_SysClk_ClkHf0Init
                0x1000aee0       0x18 ./build/bsp/libs/TARGET_RTT-062S2/config/GeneratedSource/cycfg_system.o
 .text.Cy_SysClk_ClkHf1Init
                0x1000aef8       0x1e ./build/bsp/libs/TARGET_RTT-062S2/config/GeneratedSource/cycfg_system.o
 .text.Cy_SysClk_ClkHf3Init
                0x1000af16       0x1e ./build/bsp/libs/TARGET_RTT-062S2/config/GeneratedSource/cycfg_system.o
 .text.Cy_SysClk_ClkHf4Init
                0x1000af34       0x1e ./build/bsp/libs/TARGET_RTT-062S2/config/GeneratedSource/cycfg_system.o
 .text.Cy_SysClk_IloInit
                0x1000af52       0x12 ./build/bsp/libs/TARGET_RTT-062S2/config/GeneratedSource/cycfg_system.o
 .text.Cy_SysClk_ClkPath0Init
                0x1000af64       0x10 ./build/bsp/libs/TARGET_RTT-062S2/config/GeneratedSource/cycfg_system.o
 .text.Cy_SysClk_ClkPath1Init
                0x1000af74       0x10 ./build/bsp/libs/TARGET_RTT-062S2/config/GeneratedSource/cycfg_system.o
 .text.Cy_SysClk_ClkPath2Init
                0x1000af84       0x10 ./build/bsp/libs/TARGET_RTT-062S2/config/GeneratedSource/cycfg_system.o
 .text.Cy_SysClk_ClkPath3Init
                0x1000af94       0x10 ./build/bsp/libs/TARGET_RTT-062S2/config/GeneratedSource/cycfg_system.o
 .text.Cy_SysClk_ClkPath4Init
                0x1000afa4       0x10 ./build/bsp/libs/TARGET_RTT-062S2/config/GeneratedSource/cycfg_system.o
 .text.Cy_SysClk_ClkPath5Init
                0x1000afb4       0x10 ./build/bsp/libs/TARGET_RTT-062S2/config/GeneratedSource/cycfg_system.o
 .text.Cy_SysClk_ClkPeriInit
                0x1000afc4        0xe ./build/bsp/libs/TARGET_RTT-062S2/config/GeneratedSource/cycfg_system.o
 *fill*         0x1000afd2        0x2 
 .text.Cy_SysClk_Pll0Init
                0x1000afd4       0x38 ./build/bsp/libs/TARGET_RTT-062S2/config/GeneratedSource/cycfg_system.o
 .text.Cy_SysClk_Pll1Init
                0x1000b00c       0x38 ./build/bsp/libs/TARGET_RTT-062S2/config/GeneratedSource/cycfg_system.o
 .text.Cy_SysClk_ClkSlowInit
                0x1000b044        0xe ./build/bsp/libs/TARGET_RTT-062S2/config/GeneratedSource/cycfg_system.o
 .text.Cy_SysClk_ClkTimerInit
                0x1000b052       0x1c ./build/bsp/libs/TARGET_RTT-062S2/config/GeneratedSource/cycfg_system.o
 .text.init_cycfg_power
                0x1000b06e       0x30 ./build/bsp/libs/TARGET_RTT-062S2/config/GeneratedSource/cycfg_system.o
 *fill*         0x1000b09e        0x2 
 .text.init_cycfg_system
                0x1000b0a0       0xec ./build/bsp/libs/TARGET_RTT-062S2/config/GeneratedSource/cycfg_system.o
                0x1000b0a0                init_cycfg_system
 .text.reserve_cycfg_system
                0x1000b18c       0x44 ./build/bsp/libs/TARGET_RTT-062S2/config/GeneratedSource/cycfg_system.o
                0x1000b18c                reserve_cycfg_system
 .text.cybsp_register_sysclk_pm_callback
                0x1000b1d0       0x34 ./build/bsp/libs/TARGET_RTT-062S2/cybsp.o
 .text.cybsp_init
                0x1000b204       0x46 ./build/bsp/libs/TARGET_RTT-062S2/cybsp.o
                0x1000b204                cybsp_init
 .text.rt_list_init
                0x1000b24a       0x22 ./build/bsp/rt-thread/components/drivers/ipc/completion.o
 .text.rt_list_insert_before
                0x1000b26c       0x32 ./build/bsp/rt-thread/components/drivers/ipc/completion.o
 .text.rt_list_isempty
                0x1000b29e       0x24 ./build/bsp/rt-thread/components/drivers/ipc/completion.o
 *fill*         0x1000b2c2        0x2 
 .text.rt_completion_init
                0x1000b2c4       0x44 ./build/bsp/rt-thread/components/drivers/ipc/completion.o
                0x1000b2c4                rt_completion_init
 .text.rt_completion_wait
                0x1000b308      0x1a8 ./build/bsp/rt-thread/components/drivers/ipc/completion.o
                0x1000b308                rt_completion_wait
 .text.rt_completion_done
                0x1000b4b0       0x70 ./build/bsp/rt-thread/components/drivers/ipc/completion.o
                0x1000b4b0                rt_completion_done
 .text.rt_list_init
                0x1000b520       0x22 ./build/bsp/rt-thread/components/drivers/ipc/dataqueue.o
 .text.rt_list_insert_before
                0x1000b542       0x32 ./build/bsp/rt-thread/components/drivers/ipc/dataqueue.o
 .text.rt_list_isempty
                0x1000b574       0x24 ./build/bsp/rt-thread/components/drivers/ipc/dataqueue.o
 .text.rt_data_queue_init
                0x1000b598       0xc0 ./build/bsp/rt-thread/components/drivers/ipc/dataqueue.o
                0x1000b598                rt_data_queue_init
 .text.rt_data_queue_push
                0x1000b658      0x268 ./build/bsp/rt-thread/components/drivers/ipc/dataqueue.o
                0x1000b658                rt_data_queue_push
 .text.rt_data_queue_pop
                0x1000b8c0      0x2c0 ./build/bsp/rt-thread/components/drivers/ipc/dataqueue.o
                0x1000b8c0                rt_data_queue_pop
 .text.rt_data_queue_peek
                0x1000bb80       0xa0 ./build/bsp/rt-thread/components/drivers/ipc/dataqueue.o
                0x1000bb80                rt_data_queue_peek
 .text.rt_data_queue_reset
                0x1000bc20       0xf0 ./build/bsp/rt-thread/components/drivers/ipc/dataqueue.o
                0x1000bc20                rt_data_queue_reset
 .text.rt_data_queue_deinit
                0x1000bd10       0x6c ./build/bsp/rt-thread/components/drivers/ipc/dataqueue.o
                0x1000bd10                rt_data_queue_deinit
 .text.rt_data_queue_len
                0x1000bd7c       0xc0 ./build/bsp/rt-thread/components/drivers/ipc/dataqueue.o
                0x1000bd7c                rt_data_queue_len
 .text._pin_read
                0x1000be3c       0x60 ./build/bsp/rt-thread/components/drivers/misc/pin.o
 .text._pin_write
                0x1000be9c       0x5c ./build/bsp/rt-thread/components/drivers/misc/pin.o
 .text._pin_control
                0x1000bef8       0x54 ./build/bsp/rt-thread/components/drivers/misc/pin.o
 .text.rt_device_pin_register
                0x1000bf4c       0x74 ./build/bsp/rt-thread/components/drivers/misc/pin.o
                0x1000bf4c                rt_device_pin_register
 .text.rt_pin_mode
                0x1000bfc0       0x40 ./build/bsp/rt-thread/components/drivers/misc/pin.o
                0x1000bfc0                rt_pin_mode
 .text.rt_pin_write
                0x1000c000       0x40 ./build/bsp/rt-thread/components/drivers/misc/pin.o
                0x1000c000                rt_pin_write
 .text.rt_pin_read
                0x1000c040       0x3c ./build/bsp/rt-thread/components/drivers/misc/pin.o
                0x1000c040                rt_pin_read
 .text.rt_pin_get
                0x1000c07c       0x60 ./build/bsp/rt-thread/components/drivers/misc/pin.o
                0x1000c07c                rt_pin_get
 .text._pin_cmd_conv
                0x1000c0dc       0xac ./build/bsp/rt-thread/components/drivers/misc/pin.o
 .text._pin_cmd_print_usage
                0x1000c188       0x58 ./build/bsp/rt-thread/components/drivers/misc/pin.o
 .text._pin_cmd_get
                0x1000c1e0       0x5c ./build/bsp/rt-thread/components/drivers/misc/pin.o
 .text._pin_cmd_mode
                0x1000c23c      0x110 ./build/bsp/rt-thread/components/drivers/misc/pin.o
 .text._pin_cmd_read
                0x1000c34c       0x94 ./build/bsp/rt-thread/components/drivers/misc/pin.o
 .text._pin_cmd_write
                0x1000c3e0       0xe4 ./build/bsp/rt-thread/components/drivers/misc/pin.o
 .text._pin_cmd
                0x1000c4c4       0xac ./build/bsp/rt-thread/components/drivers/misc/pin.o
 .text._serial_poll_rx
                0x1000c570       0x80 ./build/bsp/rt-thread/components/drivers/serial/serial.o
 .text._serial_poll_tx
                0x1000c5f0       0x7c ./build/bsp/rt-thread/components/drivers/serial/serial.o
 .text._serial_int_rx
                0x1000c66c       0xd8 ./build/bsp/rt-thread/components/drivers/serial/serial.o
 .text._serial_int_tx
                0x1000c744       0xc4 ./build/bsp/rt-thread/components/drivers/serial/serial.o
 .text._serial_check_buffer_size
                0x1000c808       0x38 ./build/bsp/rt-thread/components/drivers/serial/serial.o
 .text._serial_fifo_calc_recved_len
                0x1000c840       0x88 ./build/bsp/rt-thread/components/drivers/serial/serial.o
 .text.rt_dma_calc_recved_len
                0x1000c8c8       0x18 ./build/bsp/rt-thread/components/drivers/serial/serial.o
 .text.rt_dma_recv_update_get_index
                0x1000c8e0       0xa8 ./build/bsp/rt-thread/components/drivers/serial/serial.o
 .text.rt_dma_recv_update_put_index
                0x1000c988       0xf8 ./build/bsp/rt-thread/components/drivers/serial/serial.o
 .text._serial_dma_rx
                0x1000ca80      0x198 ./build/bsp/rt-thread/components/drivers/serial/serial.o
 .text._serial_dma_tx
                0x1000cc18       0x70 ./build/bsp/rt-thread/components/drivers/serial/serial.o
 .text.rt_serial_init
                0x1000cc88       0x6c ./build/bsp/rt-thread/components/drivers/serial/serial.o
 .text.rt_serial_open
                0x1000ccf4      0x370 ./build/bsp/rt-thread/components/drivers/serial/serial.o
 .text.rt_serial_close
                0x1000d064      0x1e0 ./build/bsp/rt-thread/components/drivers/serial/serial.o
 .text.rt_serial_read
                0x1000d244       0x84 ./build/bsp/rt-thread/components/drivers/serial/serial.o
 .text.rt_serial_write
                0x1000d2c8       0x84 ./build/bsp/rt-thread/components/drivers/serial/serial.o
 .text.rt_serial_control
                0x1000d34c      0x120 ./build/bsp/rt-thread/components/drivers/serial/serial.o
 .text.rt_hw_serial_register
                0x1000d46c       0x9c ./build/bsp/rt-thread/components/drivers/serial/serial.o
                0x1000d46c                rt_hw_serial_register
 .text.rt_hw_serial_isr
                0x1000d508      0x270 ./build/bsp/rt-thread/components/drivers/serial/serial.o
                0x1000d508                rt_hw_serial_isr
 .text.rt_list_isempty
                0x1000d778       0x24 ./build/bsp/rt-thread/components/finsh/cmd.o
 .text.rt_list_len
                0x1000d79c       0x36 ./build/bsp/rt-thread/components/finsh/cmd.o
 *fill*         0x1000d7d2        0x2 
 .text.clear    0x1000d7d4       0x14 ./build/bsp/rt-thread/components/finsh/cmd.o
 .text.version  0x1000d7e8        0xe ./build/bsp/rt-thread/components/finsh/cmd.o
                0x1000d7e8                version
 *fill*         0x1000d7f6        0x2 
 .text.object_split
                0x1000d7f8       0x28 ./build/bsp/rt-thread/components/finsh/cmd.o
 .text.list_find_init
                0x1000d820       0x46 ./build/bsp/rt-thread/components/finsh/cmd.o
 .text.list_get_next
                0x1000d866       0xc0 ./build/bsp/rt-thread/components/finsh/cmd.o
 *fill*         0x1000d926        0x2 
 .text.list_thread
                0x1000d928      0x218 ./build/bsp/rt-thread/components/finsh/cmd.o
                0x1000d928                list_thread
 .text.show_wait_queue
                0x1000db40       0x54 ./build/bsp/rt-thread/components/finsh/cmd.o
 .text.list_sem
                0x1000db94      0x124 ./build/bsp/rt-thread/components/finsh/cmd.o
                0x1000db94                list_sem
 .text.list_event
                0x1000dcb8      0x114 ./build/bsp/rt-thread/components/finsh/cmd.o
                0x1000dcb8                list_event
 .text.list_mutex
                0x1000ddcc      0x158 ./build/bsp/rt-thread/components/finsh/cmd.o
                0x1000ddcc                list_mutex
 .text.list_mailbox
                0x1000df24      0x134 ./build/bsp/rt-thread/components/finsh/cmd.o
                0x1000df24                list_mailbox
 .text.list_msgqueue
                0x1000e058      0x124 ./build/bsp/rt-thread/components/finsh/cmd.o
                0x1000e058                list_msgqueue
 .text.list_mempool
                0x1000e17c      0x13c ./build/bsp/rt-thread/components/finsh/cmd.o
                0x1000e17c                list_mempool
 .text.list_timer
                0x1000e2b8      0x124 ./build/bsp/rt-thread/components/finsh/cmd.o
                0x1000e2b8                list_timer
 .text.list_device
                0x1000e3dc       0xfc ./build/bsp/rt-thread/components/finsh/cmd.o
                0x1000e3dc                list_device
 .text.cmd_list
                0x1000e4d8      0x1b0 ./build/bsp/rt-thread/components/finsh/cmd.o
                0x1000e4d8                cmd_list
 .text.msh_help
                0x1000e688       0x5c ./build/bsp/rt-thread/components/finsh/msh.o
                0x1000e688                msh_help
 .text.cmd_ps   0x1000e6e4       0x18 ./build/bsp/rt-thread/components/finsh/msh.o
                0x1000e6e4                cmd_ps
 .text.cmd_free
                0x1000e6fc       0x70 ./build/bsp/rt-thread/components/finsh/msh.o
                0x1000e6fc                cmd_free
 .text.msh_split
                0x1000e76c      0x170 ./build/bsp/rt-thread/components/finsh/msh.o
 .text.msh_get_cmd
                0x1000e8dc       0x64 ./build/bsp/rt-thread/components/finsh/msh.o
 .text._msh_exec_cmd
                0x1000e940       0xd4 ./build/bsp/rt-thread/components/finsh/msh.o
 .text.msh_exec
                0x1000ea14       0x8c ./build/bsp/rt-thread/components/finsh/msh.o
                0x1000ea14                msh_exec
 .text.str_common
                0x1000eaa0       0x4a ./build/bsp/rt-thread/components/finsh/msh.o
 *fill*         0x1000eaea        0x2 
 .text.msh_auto_complete
                0x1000eaec       0xb0 ./build/bsp/rt-thread/components/finsh/msh.o
                0x1000eaec                msh_auto_complete
 .text.msh_isint
                0x1000eb9c       0x6c ./build/bsp/rt-thread/components/finsh/msh_parse.o
                0x1000eb9c                msh_isint
 .text.finsh_get_prompt
                0x1000ec08       0x78 ./build/bsp/rt-thread/components/finsh/shell.o
                0x1000ec08                finsh_get_prompt
 .text.finsh_set_prompt_mode
                0x1000ec80       0x48 ./build/bsp/rt-thread/components/finsh/shell.o
                0x1000ec80                finsh_set_prompt_mode
 .text.finsh_getchar
                0x1000ecc8       0x90 ./build/bsp/rt-thread/components/finsh/shell.o
                0x1000ecc8                finsh_getchar
 .text.finsh_rx_ind
                0x1000ed58       0x3c ./build/bsp/rt-thread/components/finsh/shell.o
 .text.finsh_set_device
                0x1000ed94       0xd8 ./build/bsp/rt-thread/components/finsh/shell.o
                0x1000ed94                finsh_set_device
 .text.shell_auto_complete
                0x1000ee6c       0x34 ./build/bsp/rt-thread/components/finsh/shell.o
 .text.shell_handle_history
                0x1000eea0       0x34 ./build/bsp/rt-thread/components/finsh/shell.o
 .text.shell_push_history
                0x1000eed4      0x15e ./build/bsp/rt-thread/components/finsh/shell.o
 *fill*         0x1000f032        0x2 
 .text.finsh_thread_entry
                0x1000f034      0x5cc ./build/bsp/rt-thread/components/finsh/shell.o
                0x1000f034                finsh_thread_entry
 .text.finsh_system_function_init
                0x1000f600       0x2c ./build/bsp/rt-thread/components/finsh/shell.o
                0x1000f600                finsh_system_function_init
 .text.finsh_system_init
                0x1000f62c       0x9c ./build/bsp/rt-thread/components/finsh/shell.o
                0x1000f62c                finsh_system_init
 .text.__rt_libc_exit
                0x1000f6c8       0x4c ./build/bsp/rt-thread/components/libc/compilers/common/cstdlib.o
                0x1000f6c8                __rt_libc_exit
 .text.__libc_init_array
                0x1000f714        0xe ./build/bsp/rt-thread/components/libc/compilers/newlib/syscalls.o
                0x1000f714                __libc_init_array
 .text.__errno  0x1000f722        0xe ./build/bsp/rt-thread/components/libc/compilers/newlib/syscalls.o
                0x1000f722                __errno
 .text._getpid_r
                0x1000f730       0x16 ./build/bsp/rt-thread/components/libc/compilers/newlib/syscalls.o
                0x1000f730                _getpid_r
 .text._kill_r  0x1000f746       0x22 ./build/bsp/rt-thread/components/libc/compilers/newlib/syscalls.o
                0x1000f746                _kill_r
 .text._exit    0x1000f768       0x10 ./build/bsp/rt-thread/components/libc/compilers/newlib/syscalls.o
                0x1000f768                _exit
 .text.cplusplus_system_init
                0x1000f778       0x34 ./build/bsp/rt-thread/components/libc/cplusplus/cxx_crt_init.o
                0x1000f778                cplusplus_system_init
 .text.rt_hw_stack_init
                0x1000f7ac       0x90 ./build/bsp/rt-thread/libcpu/arm/cortex-m4/cpuport.o
                0x1000f7ac                rt_hw_stack_init
 .text.usage_fault_track
                0x1000f83c       0xc4 ./build/bsp/rt-thread/libcpu/arm/cortex-m4/cpuport.o
 .text.bus_fault_track
                0x1000f900       0xcc ./build/bsp/rt-thread/libcpu/arm/cortex-m4/cpuport.o
 .text.mem_manage_fault_track
                0x1000f9cc       0xb4 ./build/bsp/rt-thread/libcpu/arm/cortex-m4/cpuport.o
 .text.hard_fault_track
                0x1000fa80       0x78 ./build/bsp/rt-thread/libcpu/arm/cortex-m4/cpuport.o
 .text.rt_hw_hard_fault_exception
                0x1000faf8      0x184 ./build/bsp/rt-thread/libcpu/arm/cortex-m4/cpuport.o
                0x1000faf8                rt_hw_hard_fault_exception
 .text.rt_hw_cpu_reset
                0x1000fc7c       0x1c ./build/bsp/rt-thread/libcpu/arm/cortex-m4/cpuport.o
                0x1000fc7c                rt_hw_cpu_reset
 .text.__rt_ffs
                0x1000fc98       0x2a ./build/bsp/rt-thread/libcpu/arm/cortex-m4/cpuport.o
                0x1000fc98                __rt_ffs
 *fill*         0x1000fcc2        0x2 
 .text.rt_tick_get
                0x1000fcc4       0x18 ./build/bsp/rt-thread/src/clock.o
                0x1000fcc4                rt_tick_get
 .text.rt_tick_increase
                0x1000fcdc       0x7c ./build/bsp/rt-thread/src/clock.o
                0x1000fcdc                rt_tick_increase
 .text.rt_tick_from_millisecond
                0x1000fd58       0x78 ./build/bsp/rt-thread/src/clock.o